Archive member included to satisfy reference by file (symbol)

C:/STM32CubeIDE_2.0.0/STM32CubeIDE/plugins/com.st.stm32cube.ide.mcu.externaltools.gnu-tools-for-stm32.13.3.rel1.win32_1.0.100.202509120712/tools/bin/../lib/gcc/arm-none-eabi/13.3.1/../../../../arm-none-eabi/lib/thumb/v7e-m+fp/hard\libc_nano.a(libc_a-exit.o)
                              C:/STM32CubeIDE_2.0.0/STM32CubeIDE/plugins/com.st.stm32cube.ide.mcu.externaltools.gnu-tools-for-stm32.13.3.rel1.win32_1.0.100.202509120712/tools/bin/../lib/gcc/arm-none-eabi/13.3.1/../../../../arm-none-eabi/lib/thumb/v7e-m+fp/hard/crt0.o (exit)
C:/STM32CubeIDE_2.0.0/STM32CubeIDE/plugins/com.st.stm32cube.ide.mcu.externaltools.gnu-tools-for-stm32.13.3.rel1.win32_1.0.100.202509120712/tools/bin/../lib/gcc/arm-none-eabi/13.3.1/../../../../arm-none-eabi/lib/thumb/v7e-m+fp/hard\libc_nano.a(libc_a-findfp.o)
                              ./Middlewares/Third_Party/FreeRTOS/Source/tasks.o (__sf)
C:/STM32CubeIDE_2.0.0/STM32CubeIDE/plugins/com.st.stm32cube.ide.mcu.externaltools.gnu-tools-for-stm32.13.3.rel1.win32_1.0.100.202509120712/tools/bin/../lib/gcc/arm-none-eabi/13.3.1/../../../../arm-none-eabi/lib/thumb/v7e-m+fp/hard\libc_nano.a(libc_a-fwalk.o)
                              C:/STM32CubeIDE_2.0.0/STM32CubeIDE/plugins/com.st.stm32cube.ide.mcu.externaltools.gnu-tools-for-stm32.13.3.rel1.win32_1.0.100.202509120712/tools/bin/../lib/gcc/arm-none-eabi/13.3.1/../../../../arm-none-eabi/lib/thumb/v7e-m+fp/hard\libc_nano.a(libc_a-findfp.o) (_fwalk_sglue)
C:/STM32CubeIDE_2.0.0/STM32CubeIDE/plugins/com.st.stm32cube.ide.mcu.externaltools.gnu-tools-for-stm32.13.3.rel1.win32_1.0.100.202509120712/tools/bin/../lib/gcc/arm-none-eabi/13.3.1/../../../../arm-none-eabi/lib/thumb/v7e-m+fp/hard\libc_nano.a(libc_a-stdio.o)
                              C:/STM32CubeIDE_2.0.0/STM32CubeIDE/plugins/com.st.stm32cube.ide.mcu.externaltools.gnu-tools-for-stm32.13.3.rel1.win32_1.0.100.202509120712/tools/bin/../lib/gcc/arm-none-eabi/13.3.1/../../../../arm-none-eabi/lib/thumb/v7e-m+fp/hard\libc_nano.a(libc_a-findfp.o) (__sread)
C:/STM32CubeIDE_2.0.0/STM32CubeIDE/plugins/com.st.stm32cube.ide.mcu.externaltools.gnu-tools-for-stm32.13.3.rel1.win32_1.0.100.202509120712/tools/bin/../lib/gcc/arm-none-eabi/13.3.1/../../../../arm-none-eabi/lib/thumb/v7e-m+fp/hard\libc_nano.a(libc_a-memset.o)
                              C:/STM32CubeIDE_2.0.0/STM32CubeIDE/plugins/com.st.stm32cube.ide.mcu.externaltools.gnu-tools-for-stm32.13.3.rel1.win32_1.0.100.202509120712/tools/bin/../lib/gcc/arm-none-eabi/13.3.1/../../../../arm-none-eabi/lib/thumb/v7e-m+fp/hard/crt0.o (memset)
C:/STM32CubeIDE_2.0.0/STM32CubeIDE/plugins/com.st.stm32cube.ide.mcu.externaltools.gnu-tools-for-stm32.13.3.rel1.win32_1.0.100.202509120712/tools/bin/../lib/gcc/arm-none-eabi/13.3.1/../../../../arm-none-eabi/lib/thumb/v7e-m+fp/hard\libc_nano.a(libc_a-closer.o)
                              C:/STM32CubeIDE_2.0.0/STM32CubeIDE/plugins/com.st.stm32cube.ide.mcu.externaltools.gnu-tools-for-stm32.13.3.rel1.win32_1.0.100.202509120712/tools/bin/../lib/gcc/arm-none-eabi/13.3.1/../../../../arm-none-eabi/lib/thumb/v7e-m+fp/hard\libc_nano.a(libc_a-stdio.o) (_close_r)
C:/STM32CubeIDE_2.0.0/STM32CubeIDE/plugins/com.st.stm32cube.ide.mcu.externaltools.gnu-tools-for-stm32.13.3.rel1.win32_1.0.100.202509120712/tools/bin/../lib/gcc/arm-none-eabi/13.3.1/../../../../arm-none-eabi/lib/thumb/v7e-m+fp/hard\libc_nano.a(libc_a-reent.o)
                              ./Middlewares/Third_Party/FreeRTOS/Source/tasks.o (_reclaim_reent)
C:/STM32CubeIDE_2.0.0/STM32CubeIDE/plugins/com.st.stm32cube.ide.mcu.externaltools.gnu-tools-for-stm32.13.3.rel1.win32_1.0.100.202509120712/tools/bin/../lib/gcc/arm-none-eabi/13.3.1/../../../../arm-none-eabi/lib/thumb/v7e-m+fp/hard\libc_nano.a(libc_a-impure.o)
                              ./Middlewares/Third_Party/FreeRTOS/Source/tasks.o (_impure_ptr)
C:/STM32CubeIDE_2.0.0/STM32CubeIDE/plugins/com.st.stm32cube.ide.mcu.externaltools.gnu-tools-for-stm32.13.3.rel1.win32_1.0.100.202509120712/tools/bin/../lib/gcc/arm-none-eabi/13.3.1/../../../../arm-none-eabi/lib/thumb/v7e-m+fp/hard\libc_nano.a(libc_a-lseekr.o)
                              C:/STM32CubeIDE_2.0.0/STM32CubeIDE/plugins/com.st.stm32cube.ide.mcu.externaltools.gnu-tools-for-stm32.13.3.rel1.win32_1.0.100.202509120712/tools/bin/../lib/gcc/arm-none-eabi/13.3.1/../../../../arm-none-eabi/lib/thumb/v7e-m+fp/hard\libc_nano.a(libc_a-stdio.o) (_lseek_r)
C:/STM32CubeIDE_2.0.0/STM32CubeIDE/plugins/com.st.stm32cube.ide.mcu.externaltools.gnu-tools-for-stm32.13.3.rel1.win32_1.0.100.202509120712/tools/bin/../lib/gcc/arm-none-eabi/13.3.1/../../../../arm-none-eabi/lib/thumb/v7e-m+fp/hard\libc_nano.a(libc_a-readr.o)
                              C:/STM32CubeIDE_2.0.0/STM32CubeIDE/plugins/com.st.stm32cube.ide.mcu.externaltools.gnu-tools-for-stm32.13.3.rel1.win32_1.0.100.202509120712/tools/bin/../lib/gcc/arm-none-eabi/13.3.1/../../../../arm-none-eabi/lib/thumb/v7e-m+fp/hard\libc_nano.a(libc_a-stdio.o) (_read_r)
[...]
Memory Configuration

Name             Origin             Length             Attributes
RAM              0x20000000         0x00018000         xrw
RAM2             0x10000000         0x00008000         xrw
FLASH            0x08000000         0x00100000         xr
*default*        0x00000000         0xffffffff

Linker script and memory map

LOAD C:/STM32CubeIDE_2.0.0/STM32CubeIDE/plugins/com.st.stm32cube.ide.mcu.externaltools.gnu-tools-for-stm32.13.3.rel1.win32_1.0.100.202509120712/tools/bin/../lib/gcc/arm-none-eabi/13.3.1/thumb/v7e-m+fp/hard/crti.o
LOAD C:/STM32CubeIDE_2.0.0/STM32CubeIDE/plugins/com.st.stm32cube.ide.mcu.externaltools.gnu-tools-for-stm32.13.3.rel1.win32_1.0.100.202509120712/tools/bin/../lib/gcc/arm-none-eabi/13.3.1/thumb/v7e-m+fp/hard/crtbegin.o
LOAD C:/STM32CubeIDE_2.0.0/STM32CubeIDE/plugins/com.st.stm32cube.ide.mcu.externaltools.gnu-tools-for-stm32.13.3.rel1.win32_1.0.100.202509120712/tools/bin/../lib/gcc/arm-none-eabi/13.3.1/../../../../arm-none-eabi/lib/thumb/v7e-m+fp/hard/crt0.o
LOAD ./Core/Src/BMP.o
LOAD ./Core/Src/freertos.o
LOAD ./Core/Src/gpio.o
LOAD ./Core/Src/i2c.o
LOAD ./Core/Src/main.o
LOAD ./Core/Src/stm32l4xx_hal_msp.o
LOAD ./Core/Src/stm32l4xx_hal_timebase_tim.o
LOAD ./Core/Src/stm32l4xx_it.o
LOAD ./Core/Src/syscalls.o
LOAD ./Core/Src/sysmem.o
LOAD ./Core/Src/system_stm32l4xx.o
LOAD ./Core/Src/usart.o
LOAD ./Core/Startup/startup_stm32l476rgtx.o
LOAD ./Drivers/STM32L4xx_HAL_Driver/Src/stm32l4xx_hal.o
LOAD ./Drivers/STM32L4xx_HAL_Driver/Src/stm32l4xx_hal_cortex.o
LOAD ./Drivers/STM32L4xx_HAL_Driver/Src/stm32l4xx_hal_dma.o
LOAD ./Drivers/STM32L4xx_HAL_Driver/Src/stm32l4xx_hal_dma_ex.o
LOAD ./Drivers/STM32L4xx_HAL_Driver/Src/stm32l4xx_hal_exti.o
LOAD ./Drivers/STM32L4xx_HAL_Driver/Src/stm32l4xx_hal_flash.o
LOAD ./Drivers/STM32L4xx_HAL_Driver/Src/stm32l4xx_hal_flash_ex.o
LOAD ./Drivers/STM32L4xx_HAL_Driver/Src/stm32l4xx_hal_flash_ramfunc.o
LOAD ./Drivers/STM32L4xx_HAL_Driver/Src/stm32l4xx_hal_gpio.o
LOAD ./Drivers/STM32L4xx_HAL_Driver/Src/stm32l4xx_hal_i2c.o
LOAD ./Drivers/STM32L4xx_HAL_Driver/Src/stm32l4xx_hal_i2c_ex.o
LOAD ./Drivers/STM32L4xx_HAL_Driver/Src/stm32l4xx_hal_pwr.o
LOAD ./Drivers/STM32L4xx_HAL_Driver/Src/stm32l4xx_hal_pwr_ex.o
LOAD ./Drivers/STM32L4xx_HAL_Driver/Src/stm32l4xx_hal_rcc.o
LOAD ./Drivers/STM32L4xx_HAL_Driver/Src/stm32l4xx_hal_rcc_ex.o
LOAD ./Drivers/STM32L4xx_HAL_Driver/Src/stm32l4xx_hal_tim.o
LOAD ./Drivers/STM32L4xx_HAL_Driver/Src/stm32l4xx_hal_tim_ex.o
LOAD ./Drivers/STM32L4xx_HAL_Driver/Src/stm32l4xx_hal_uart.o
LOAD ./Drivers/STM32L4xx_HAL_Driver/Src/stm32l4xx_hal_uart_ex.o
LOAD ./Middlewares/Third_Party/FreeRTOS/Source/CMSIS_RTOS_V2/cmsis_os2.o
LOAD ./Middlewares/Third_Party/FreeRTOS/Source/croutine.o
LOAD ./Middlewares/Third_Party/FreeRTOS/Source/event_groups.o
LOAD ./Middlewares/Third_Party/FreeRTOS/Source/list.o
LOAD ./Middlewares/Third_Party/FreeRTOS/Source/queue.o
LOAD ./Middlewares/Third_Party/FreeRTOS/Source/stream_buffer.o
LOAD ./Middlewares/Third_Party/FreeRTOS/Source/tasks.o
LOAD ./Middlewares/Third_Party/FreeRTOS/Source/timers.o
LOAD ./Middlewares/Third_Party/FreeRTOS/Source/portable/GCC/ARM_CM4F/port.o
LOAD ./Middlewares/Third_Party/FreeRTOS/Source/portable/MemMang/heap_4.o
START GROUP
LOAD C:/STM32CubeIDE_2.0.0/STM32CubeIDE/plugins/com.st.stm32cube.ide.mcu.externaltools.gnu-tools-for-stm32.13.3.rel1.win32_1.0.100.202509120712/tools/bin/../lib/gcc/arm-none-eabi/13.3.1/../../../../arm-none-eabi/lib/thumb/v7e-m+fp/hard\libc_nano.a
LOAD C:/STM32CubeIDE_2.0.0/STM32CubeIDE/plugins/com.st.stm32cube.ide.mcu.externaltools.gnu-tools-for-stm32.13.3.rel1.win32_1.0.100.202509120712/tools/bin/../lib/gcc/arm-none-eabi/13.3.1/../../../../arm-none-eabi/lib/thumb/v7e-m+fp/hard\libm.a
END GROUP
START GROUP
LOAD C:/STM32CubeIDE_2.0.0/STM32CubeIDE/plugins/com.st.stm32cube.ide.mcu.externaltools.gnu-tools-for-stm32.13.3.rel1.win32_1.0.100.202509120712/tools/bin/../lib/gcc/arm-none-eabi/13.3.1/thumb/v7e-m+fp/hard\libgcc.a
LOAD C:/STM32CubeIDE_2.0.0/STM32CubeIDE/plugins/com.st.stm32cube.ide.mcu.externaltools.gnu-tools-for-stm32.13.3.rel1.win32_1.0.100.202509120712/tools/bin/../lib/gcc/arm-none-eabi/13.3.1/../../../../arm-none-eabi/lib/thumb/v7e-m+fp/hard\libc_nano.a
END GROUP
START GROUP
LOAD C:/STM32CubeIDE_2.0.0/STM32CubeIDE/plugins/com.st.stm32cube.ide.mcu.externaltools.gnu-tools-for-stm32.13.3.rel1.win32_1.0.100.202509120712/tools/bin/../lib/gcc/arm-none-eabi/13.3.1/thumb/v7e-m+fp/hard\libgcc.a
LOAD C:/STM32CubeIDE_2.0.0/STM32CubeIDE/plugins/com.st.stm32cube.ide.mcu.externaltools.gnu-tools-for-stm32.13.3.rel1.win32_1.0.100.202509120712/tools/bin/../lib/gcc/arm-none-eabi/13.3.1/../../../../arm-none-eabi/lib/thumb/v7e-m+fp/hard\libc_nano.a
LOAD C:/STM32CubeIDE_2.0.0/STM32CubeIDE/plugins/com.st.stm32cube.ide.mcu.externaltools.gnu-tools-for-stm32.13.3.rel1.win32_1.0.100.202509120712/tools/bin/../lib/gcc/arm-none-eabi/13.3.1/../../../../arm-none-eabi/lib/thumb/v7e-m+fp/hard\libnosys.a
END GROUP
START GROUP
LOAD C:/STM32CubeIDE_2.0.0/STM32CubeIDE/plugins/com.st.stm32cube.ide.mcu.externaltools.gnu-tools-for-stm32.13.3.rel1.win32_1.0.100.202509120712/tools/bin/../lib/gcc/arm-none-eabi/13.3.1/thumb/v7e-m+fp/hard\libgcc.a
LOAD C:/STM32CubeIDE_2.0.0/STM32CubeIDE/plugins/com.st.stm32cube.ide.mcu.externaltools.gnu-tools-for-stm32.13.3.rel1.win32_1.0.100.202509120712/tools/bin/../lib/gcc/arm-none-eabi/13.3.1/../../../../arm-none-eabi/lib/thumb/v7e-m+fp/hard\libc_nano.a
LOAD C:/STM32CubeIDE_2.0.0/STM32CubeIDE/plugins/com.st.stm32cube.ide.mcu.externaltools.gnu-tools-for-stm32.13.3.rel1.win32_1.0.100.202509120712/tools/bin/../lib/gcc/arm-none-eabi/13.3.1/../../../../arm-none-eabi/lib/thumb/v7e-m+fp/hard\libnosys.a
END GROUP
LOAD C:/STM32CubeIDE_2.0.0/STM32CubeIDE/plugins/com.st.stm32cube.ide.mcu.externaltools.gnu-tools-for-stm32.13.3.rel1.win32_1.0.100.202509120712/tools/bin/../lib/gcc/arm-none-eabi/13.3.1/thumb/v7e-m+fp/hard/crtend.o
LOAD C:/STM32CubeIDE_2.0.0/STM32CubeIDE/plugins/com.st.stm32cube.ide.mcu.externaltools.gnu-tools-for-stm32.13.3.rel1.win32_1.0.100.202509120712/tools/bin/../lib/gcc/arm-none-eabi/13.3.1/thumb/v7e-m+fp/hard/crtn.o
                0x20018000                        _estack = (ORIGIN (RAM) + LENGTH (RAM))
                0x00000200                        _Min_Heap_Size = 0x200
                0x00000400                        _Min_Stack_Size = 0x400

.isr_vector     0x08000000      0x188
                0x08000000                        . = ALIGN (0x4)
 *(.isr_vector)
 .isr_vector    0x08000000      0x188 ./Core/Startup/startup_stm32l476rgtx.o
                0x08000000                g_pfnVectors
                0x08000188                        . = ALIGN (0x4)

.text           0x08000190     0x7790
                0x08000190                        . = ALIGN (0x4)
 *(.text)
 .text          0x08000190       0x40 C:/STM32CubeIDE_2.0.0/STM32CubeIDE/plugins/com.st.stm32cube.ide.mcu.externaltools.gnu-tools-for-stm32.13.3.rel1.win32_1.0.100.202509120712/tools/bin/../lib/gcc/arm-none-eabi/13.3.1/thumb/v7e-m+fp/hard/crtbegin.o
 .text          0x080001d0       0x30 C:/STM32CubeIDE_2.0.0/STM32CubeIDE/plugins/com.st.stm32cube.ide.mcu.externaltools.gnu-tools-for-stm32.13.3.rel1.win32_1.0.100.202509120712/tools/bin/../lib/gcc/arm-none-eabi/13.3.1/thumb/v7e-m+fp/hard\libgcc.a(_aeabi_uldivmod.o)
                0x080001d0                __aeabi_uldivmod
 .text          0x08000200      0x2f8 C:/STM32CubeIDE_2.0.0/STM32CubeIDE/plugins/com.st.stm32cube.ide.mcu.externaltools.gnu-tools-for-stm32.13.3.rel1.win32_1.0.100.202509120712/tools/bin/../lib/gcc/arm-none-eabi/13.3.1/thumb/v7e-m+fp/hard\libgcc.a(_udivmoddi4.o)
                0x08000200                __udivmoddi4
 .text          0x080004f8        0x4 C:/STM32CubeIDE_2.0.0/STM32CubeIDE/plugins/com.st.stm32cube.ide.mcu.externaltools.gnu-tools-for-stm32.13.3.rel1.win32_1.0.100.202509120712/tools/bin/../lib/gcc/arm-none-eabi/13.3.1/thumb/v7e-m+fp/hard\libgcc.a(_dvmd_tls.o)
                0x080004f8                __aeabi_idiv0
                0x080004f8                __aeabi_ldiv0
 *(.text*)
 .text.BMP180_ReadInt16
                0x080004fc       0x58 ./Core/Src/BMP.o
 .text.BMP180_ReadUInt16
                0x08000554       0x5c ./Core/Src/BMP.o
 .text.BMP180_Init
                0x080005b0      0x118 ./Core/Src/BMP.o
                0x080005b0                BMP180_Init
 .text.BMP180_ReadTemperature
                0x080006c8       0xd0 ./Core/Src/BMP.o
                0x080006c8                BMP180_ReadTemperature
 .text.MX_FREERTOS_Init
                0x08000798       0xa8 ./Core/Src/freertos.o
                0x08000798                MX_FREERTOS_Init
 .text.StartDefaultTask
                0x08000840       0x10 ./Core/Src/freertos.o
                0x08000840                StartDefaultTask
 .text.StartTask02
                0x08000850       0x4c ./Core/Src/freertos.o
                0x08000850                StartTask02
 .text.StartTask03
                0x0800089c       0x40 ./Core/Src/freertos.o
                0x0800089c                StartTask03
 .text.StartTask04
                0x080008dc       0x38 ./Core/Src/freertos.o
                0x080008dc                StartTask04
 .text.MX_GPIO_Init
                0x08000914       0x7c ./Core/Src/gpio.o
                0x08000914                MX_GPIO_Init
 .text.MX_I2C1_Init
                0x08000990       0x80 ./Core/Src/i2c.o
                0x08000990                MX_I2C1_Init
 .text.HAL_I2C_MspInit
                0x08000a10       0xbc ./Core/Src/i2c.o
                0x08000a10                HAL_I2C_MspInit
 .text.main     0x08000acc       0x28 ./Core/Src/main.o
                0x08000acc                main
 .text.SystemClock_Config
                0x08000af4       0x8c ./Core/Src/main.o
                0x08000af4                SystemClock_Config
 .text.HAL_TIM_PeriodElapsedCallback
                0x08000b80       0x24 ./Core/Src/main.o
                0x08000b80                HAL_TIM_PeriodElapsedCallback
 .text.Error_Handler
                0x08000ba4        0xc ./Core/Src/main.o
                0x08000ba4                Error_Handler
 .text.HAL_MspInit
                0x08000bb0       0x50 ./Core/Src/stm32l4xx_hal_msp.o
                0x08000bb0                HAL_MspInit
 .text.HAL_InitTick
                0x08000c00       0xf4 ./Core/Src/stm32l4xx_hal_timebase_tim.o
                0x08000c00                HAL_InitTick
 .text.NMI_Handler
                0x08000cf4        0x8 ./Core/Src/stm32l4xx_it.o
                0x08000cf4                NMI_Handler
 .text.HardFault_Handler
                0x08000cfc        0x8 ./Core/Src/stm32l4xx_it.o
                0x08000cfc                HardFault_Handler
 .text.MemManage_Handler
                0x08000d04        0x8 ./Core/Src/stm32l4xx_it.o
                0x08000d04                MemManage_Handler
 .text.BusFault_Handler
                0x08000d0c        0x8 ./Core/Src/stm32l4xx_it.o
                0x08000d0c                BusFault_Handler
 .text.UsageFault_Handler
                0x08000d14        0x8 ./Core/Src/stm32l4xx_it.o
                0x08000d14                UsageFault_Handler
 .text.DebugMon_Handler
                0x08000d1c        0xe ./Core/Src/stm32l4xx_it.o
                0x08000d1c                DebugMon_Handler
 *fill*         0x08000d2a        0x2 
 .text.TIM6_DAC_IRQHandler
                0x08000d2c       0x14 ./Core/Src/stm32l4xx_it.o
                0x08000d2c                TIM6_DAC_IRQHandler
 .text.SystemInit
                0x08000d40       0x24 ./Core/Src/system_stm32l4xx.o
                0x08000d40                SystemInit
 .text.MX_USART2_UART_Init
                0x08000d64       0x60 ./Core/Src/usart.o
                0x08000d64                MX_USART2_UART_Init
 .text.HAL_UART_MspInit
                0x08000dc4       0xb8 ./Core/Src/usart.o
                0x08000dc4                HAL_UART_MspInit
 .text.Reset_Handler
                0x08000e7c       0x50 ./Core/Startup/startup_stm32l476rgtx.o
                0x08000e7c                Reset_Handler
 .text.Default_Handler
                0x08000ecc        0x2 ./Core/Startup/startup_stm32l476rgtx.o
                0x08000ecc                RTC_Alarm_IRQHandler
                0x08000ecc                EXTI2_IRQHandler
                0x08000ecc                TIM8_TRG_COM_IRQHandler
                0x08000ecc                TIM8_CC_IRQHandler
                0x08000ecc                TIM1_CC_IRQHandler
                0x08000ecc                TSC_IRQHandler
                0x08000ecc                TAMP_STAMP_IRQHandler
                0x08000ecc                EXTI3_IRQHandler
                0x08000ecc                LPTIM2_IRQHandler
                0x08000ecc                DFSDM1_FLT1_IRQHandler
                0x08000ecc                I2C3_ER_IRQHandler
                0x08000ecc                DFSDM1_FLT2_IRQHandler
                0x08000ecc                EXTI0_IRQHandler
                0x08000ecc                I2C2_EV_IRQHandler
                0x08000ecc                CAN1_RX0_IRQHandler
                0x08000ecc                FPU_IRQHandler
                0x08000ecc                TIM1_UP_TIM16_IRQHandler
                0x08000ecc                ADC1_2_IRQHandler
                0x08000ecc                SPI1_IRQHandler
                0x08000ecc                TIM8_UP_IRQHandler
                0x08000ecc                DMA2_Channel2_IRQHandler
                0x08000ecc                DMA1_Channel4_IRQHandler
                0x08000ecc                SAI2_IRQHandler
                0x08000ecc                DFSDM1_FLT3_IRQHandler
                0x08000ecc                USART3_IRQHandler
                0x08000ecc                DMA1_Channel7_IRQHandler
                0x08000ecc                CAN1_RX1_IRQHandler
                0x08000ecc                LCD_IRQHandler
                0x08000ecc                UART5_IRQHandler
                0x08000ecc                ADC3_IRQHandler
                0x08000ecc                TIM4_IRQHandler
                0x08000ecc                DMA2_Channel1_IRQHandler
                0x08000ecc                QUADSPI_IRQHandler
                0x08000ecc                I2C1_EV_IRQHandler
                0x08000ecc                DMA1_Channel6_IRQHandler
                0x08000ecc                UART4_IRQHandler
                0x08000ecc                DMA2_Channel4_IRQHandler
                0x08000ecc                TIM3_IRQHandler
                0x08000ecc                RCC_IRQHandler
                0x08000ecc                DMA1_Channel1_IRQHandler
                0x08000ecc                Default_Handler
                0x08000ecc                DMA2_Channel7_IRQHandler
                0x08000ecc                EXTI15_10_IRQHandler
                0x08000ecc                TIM7_IRQHandler
                0x08000ecc                SDMMC1_IRQHandler
                0x08000ecc                TIM5_IRQHandler
                0x08000ecc                I2C3_EV_IRQHandler
                0x08000ecc                EXTI9_5_IRQHandler
                0x08000ecc                RTC_WKUP_IRQHandler
                0x08000ecc                PVD_PVM_IRQHandler
                0x08000ecc                SPI2_IRQHandler
                0x08000ecc                CAN1_TX_IRQHandler
                0x08000ecc                DMA2_Channel5_IRQHandler
                0x08000ecc                DMA1_Channel5_IRQHandler
                0x08000ecc                EXTI4_IRQHandler
                0x08000ecc                RNG_IRQHandler
                0x08000ecc                TIM1_TRG_COM_TIM17_IRQHandler
                0x08000ecc                DMA1_Channel3_IRQHandler
                0x08000ecc                COMP_IRQHandler
                0x08000ecc                WWDG_IRQHandler
                0x08000ecc                LPUART1_IRQHandler
                0x08000ecc                DMA2_Channel6_IRQHandler
                0x08000ecc                TIM2_IRQHandler
                0x08000ecc                EXTI1_IRQHandler
                0x08000ecc                USART2_IRQHandler
                0x08000ecc                DFSDM1_FLT0_IRQHandler
                0x08000ecc                I2C2_ER_IRQHandler
                0x08000ecc                DMA1_Channel2_IRQHandler
                0x08000ecc                TIM8_BRK_IRQHandler
                0x08000ecc                CAN1_SCE_IRQHandler
                0x08000ecc                FLASH_IRQHandler
                0x08000ecc                USART1_IRQHandler
                0x08000ecc                OTG_FS_IRQHandler
                0x08000ecc                SPI3_IRQHandler
                0x08000ecc                I2C1_ER_IRQHandler
                0x08000ecc                FMC_IRQHandler
                0x08000ecc                SWPMI1_IRQHandler
                0x08000ecc                LPTIM1_IRQHandler
                0x08000ecc                SAI1_IRQHandler
                0x08000ecc                DMA2_Channel3_IRQHandler
                0x08000ecc                TIM1_BRK_TIM15_IRQHandler
 .text.HAL_Init
                0x08000ece       0x30 ./Drivers/STM32L4xx_HAL_Driver/Src/stm32l4xx_hal.o
                0x08000ece                HAL_Init
 *fill*         0x08000efe        0x2 
 .text.HAL_IncTick
                0x08000f00       0x28 ./Drivers/STM32L4xx_HAL_Driver/Src/stm32l4xx_hal.o
                0x08000f00                HAL_IncTick
 .text.HAL_GetTick
                0x08000f28       0x18 ./Drivers/STM32L4xx_HAL_Driver/Src/stm32l4xx_hal.o
                0x08000f28                HAL_GetTick
 .text.__NVIC_SetPriorityGrouping
                0x08000f40       0x48 ./Drivers/STM32L4xx_HAL_Driver/Src/stm32l4xx_hal_cortex.o
 .text.__NVIC_GetPriorityGrouping
                0x08000f88       0x1c ./Drivers/STM32L4xx_HAL_Driver/Src/stm32l4xx_hal_cortex.o
 .text.__NVIC_EnableIRQ
                0x08000fa4       0x3c ./Drivers/STM32L4xx_HAL_Driver/Src/stm32l4xx_hal_cortex.o
 .text.__NVIC_SetPriority
                0x08000fe0       0x54 ./Drivers/STM32L4xx_HAL_Driver/Src/stm32l4xx_hal_cortex.o
 .text.NVIC_EncodePriority
                0x08001034       0x66 ./Drivers/STM32L4xx_HAL_Driver/Src/stm32l4xx_hal_cortex.o
 .text.HAL_NVIC_SetPriorityGrouping
                0x0800109a       0x16 ./Drivers/STM32L4xx_HAL_Driver/Src/stm32l4xx_hal_cortex.o
                0x0800109a                HAL_NVIC_SetPriorityGrouping
 .text.HAL_NVIC_SetPriority
                0x080010b0       0x38 ./Drivers/STM32L4xx_HAL_Driver/Src/stm32l4xx_hal_cortex.o
                0x080010b0                HAL_NVIC_SetPriority
 .text.HAL_NVIC_EnableIRQ
                0x080010e8       0x1c ./Drivers/STM32L4xx_HAL_Driver/Src/stm32l4xx_hal_cortex.o
                0x080010e8                HAL_NVIC_EnableIRQ
 .text.HAL_GPIO_Init
                0x08001104      0x354 ./Drivers/STM32L4xx_HAL_Driver/Src/stm32l4xx_hal_gpio.o
                0x08001104                HAL_GPIO_Init
 .text.HAL_GPIO_WritePin
                0x08001458       0x30 ./Drivers/STM32L4xx_HAL_Driver/Src/stm32l4xx_hal_gpio.o
                0x08001458                HAL_GPIO_WritePin
 .text.HAL_GPIO_TogglePin
                0x08001488       0x34 ./Drivers/STM32L4xx_HAL_Driver/Src/stm32l4xx_hal_gpio.o
                0x08001488                HAL_GPIO_TogglePin
 .text.HAL_I2C_Init
                0x080014bc      0x136 ./Drivers/STM32L4xx_HAL_Driver/Src/stm32l4xx_hal_i2c.o
                0x080014bc                HAL_I2C_Init
 *fill*         0x080015f2        0x2 
 .text.HAL_I2C_Mem_Write
                0x080015f4      0x228 ./Drivers/STM32L4xx_HAL_Driver/Src/stm32l4xx_hal_i2c.o
                0x080015f4                HAL_I2C_Mem_Write
 .text.HAL_I2C_Mem_Read
                0x0800181c      0x234 ./Drivers/STM32L4xx_HAL_Driver/Src/stm32l4xx_hal_i2c.o
                0x0800181c                HAL_I2C_Mem_Read
 .text.I2C_RequestMemoryWrite
                0x08001a50       0xa8 ./Drivers/STM32L4xx_HAL_Driver/Src/stm32l4xx_hal_i2c.o
 .text.I2C_RequestMemoryRead
                0x08001af8       0xa8 ./Drivers/STM32L4xx_HAL_Driver/Src/stm32l4xx_hal_i2c.o
 .text.I2C_Flush_TXDR
                0x08001ba0       0x48 ./Drivers/STM32L4xx_HAL_Driver/Src/stm32l4xx_hal_i2c.o
 .text.I2C_WaitOnFlagUntilTimeout
                0x08001be8       0xb2 ./Drivers/STM32L4xx_HAL_Driver/Src/stm32l4xx_hal_i2c.o
 .text.I2C_WaitOnTXISFlagUntilTimeout
                0x08001c9a       0x8e ./Drivers/STM32L4xx_HAL_Driver/Src/stm32l4xx_hal_i2c.o
 .text.I2C_WaitOnSTOPFlagUntilTimeout
                0x08001d28       0x86 ./Drivers/STM32L4xx_HAL_Driver/Src/stm32l4xx_hal_i2c.o
 *fill*         0x08001dae        0x2 
 .text.I2C_IsErrorOccurred
                0x08001db0      0x1c0 ./Drivers/STM32L4xx_HAL_Driver/Src/stm32l4xx_hal_i2c.o
 .text.I2C_TransferConfig
                0x08001f70       0x64 ./Drivers/STM32L4xx_HAL_Driver/Src/stm32l4xx_hal_i2c.o
 .text.HAL_I2CEx_ConfigAnalogFilter
                0x08001fd4       0x96 ./Drivers/STM32L4xx_HAL_Driver/Src/stm32l4xx_hal_i2c_ex.o
                0x08001fd4                HAL_I2CEx_ConfigAnalogFilter
 .text.HAL_I2CEx_ConfigDigitalFilter
                0x0800206a       0x98 ./Drivers/STM32L4xx_HAL_Driver/Src/stm32l4xx_hal_i2c_ex.o
                0x0800206a                HAL_I2CEx_ConfigDigitalFilter
 *fill*         0x08002102        0x2 
 .text.HAL_PWREx_GetVoltageRange
                0x08002104       0x1c ./Drivers/STM32L4xx_HAL_Driver/Src/stm32l4xx_hal_pwr_ex.o
                0x08002104                HAL_PWREx_GetVoltageRange
 .text.HAL_PWREx_ControlVoltageScaling
                0x08002120       0xac ./Drivers/STM32L4xx_HAL_Driver/Src/stm32l4xx_hal_pwr_ex.o
                0x08002120                HAL_PWREx_ControlVoltageScaling
 .text.HAL_RCC_OscConfig
                0x080021cc      0x7b8 ./Drivers/STM32L4xx_HAL_Driver/Src/stm32l4xx_hal_rcc.o
                0x080021cc                HAL_RCC_OscConfig
 .text.HAL_RCC_ClockConfig
                0x08002984      0x200 ./Drivers/STM32L4xx_HAL_Driver/Src/stm32l4xx_hal_rcc.o
                0x08002984                HAL_RCC_ClockConfig
 .text.HAL_RCC_GetSysClockFreq
                0x08002b84      0x118 ./Drivers/STM32L4xx_HAL_Driver/Src/stm32l4xx_hal_rcc.o
                0x08002b84                HAL_RCC_GetSysClockFreq
 .text.HAL_RCC_GetHCLKFreq
                0x08002c9c       0x18 ./Drivers/STM32L4xx_HAL_Driver/Src/stm32l4xx_hal_rcc.o
                0x08002c9c                HAL_RCC_GetHCLKFreq
 .text.HAL_RCC_GetPCLK1Freq
                0x08002cb4       0x2c ./Drivers/STM32L4xx_HAL_Driver/Src/stm32l4xx_hal_rcc.o
                0x08002cb4                HAL_RCC_GetPCLK1Freq
 .text.HAL_RCC_GetPCLK2Freq
                0x08002ce0       0x2c ./Drivers/STM32L4xx_HAL_Driver/Src/stm32l4xx_hal_rcc.o
                0x08002ce0                HAL_RCC_GetPCLK2Freq
 .text.HAL_RCC_GetClockConfig
                0x08002d0c       0x64 ./Drivers/STM32L4xx_HAL_Driver/Src/stm32l4xx_hal_rcc.o
                0x08002d0c                HAL_RCC_GetClockConfig
 .text.RCC_SetFlashLatencyFromMSIRange
                0x08002d70       0xc0 ./Drivers/STM32L4xx_HAL_Driver/Src/stm32l4xx_hal_rcc.o
 .text.HAL_RCCEx_PeriphCLKConfig
                0x08002e30      0x5d4 ./Drivers/STM32L4xx_HAL_Driver/Src/stm32l4xx_hal_rcc_ex.o
                0x08002e30                HAL_RCCEx_PeriphCLKConfig
 .text.RCCEx_PLLSAI1_Config
                0x08003404      0x1e8 ./Drivers/STM32L4xx_HAL_Driver/Src/stm32l4xx_hal_rcc_ex.o
 .text.RCCEx_PLLSAI2_Config
                0x080035ec      0x1bc ./Drivers/STM32L4xx_HAL_Driver/Src/stm32l4xx_hal_rcc_ex.o
 .text.HAL_TIM_Base_Init
                0x080037a8       0xae ./Drivers/STM32L4xx_HAL_Driver/Src/stm32l4xx_hal_tim.o
                0x080037a8                HAL_TIM_Base_Init
 .text.HAL_TIM_Base_MspInit
                0x08003856       0x14 ./Drivers/STM32L4xx_HAL_Driver/Src/stm32l4xx_hal_tim.o
                0x08003856                HAL_TIM_Base_MspInit
 *fill*         0x0800386a        0x2 
 .text.HAL_TIM_Base_Start_IT
                0x0800386c       0xe0 ./Drivers/STM32L4xx_HAL_Driver/Src/stm32l4xx_hal_tim.o
                0x0800386c                HAL_TIM_Base_Start_IT
 .text.HAL_TIM_IRQHandler
                0x0800394c      0x20e ./Drivers/STM32L4xx_HAL_Driver/Src/stm32l4xx_hal_tim.o
                0x0800394c                HAL_TIM_IRQHandler
 .text.HAL_TIM_OC_DelayElapsedCallback
                0x08003b5a       0x14 ./Drivers/STM32L4xx_HAL_Driver/Src/stm32l4xx_hal_tim.o
                0x08003b5a                HAL_TIM_OC_DelayElapsedCallback
 .text.HAL_TIM_IC_CaptureCallback
                0x08003b6e       0x14 ./Drivers/STM32L4xx_HAL_Driver/Src/stm32l4xx_hal_tim.o
                0x08003b6e                HAL_TIM_IC_CaptureCallback
 .text.HAL_TIM_PWM_PulseFinishedCallback
                0x08003b82       0x14 ./Drivers/STM32L4xx_HAL_Driver/Src/stm32l4xx_hal_tim.o
                0x08003b82                HAL_TIM_PWM_PulseFinishedCallback
 .text.HAL_TIM_TriggerCallback
                0x08003b96       0x14 ./Drivers/STM32L4xx_HAL_Driver/Src/stm32l4xx_hal_tim.o
                0x08003b96                HAL_TIM_TriggerCallback
 *fill*         0x08003baa        0x2 
 .text.TIM_Base_SetConfig
                0x08003bac      0x140 ./Drivers/STM32L4xx_HAL_Driver/Src/stm32l4xx_hal_tim.o
                0x08003bac                TIM_Base_SetConfig
 .text.HAL_TIMEx_CommutCallback
                0x08003cec       0x14 ./Drivers/STM32L4xx_HAL_Driver/Src/stm32l4xx_hal_tim_ex.o
                0x08003cec                HAL_TIMEx_CommutCallback
 .text.HAL_TIMEx_BreakCallback
                0x08003d00       0x14 ./Drivers/STM32L4xx_HAL_Driver/Src/stm32l4xx_hal_tim_ex.o
                0x08003d00                HAL_TIMEx_BreakCallback
 .text.HAL_TIMEx_Break2Callback
                0x08003d14       0x14 ./Drivers/STM32L4xx_HAL_Driver/Src/stm32l4xx_hal_tim_ex.o
                0x08003d14                HAL_TIMEx_Break2Callback
 .text.HAL_UART_Init
                0x08003d28       0x9c ./Drivers/STM32L4xx_HAL_Driver/Src/stm32l4xx_hal_uart.o
                0x08003d28                HAL_UART_Init
 .text.UART_SetConfig
                0x08003dc4      0x570 ./Drivers/STM32L4xx_HAL_Driver/Src/stm32l4xx_hal_uart.o
                0x08003dc4                UART_SetConfig
 .text.UART_AdvFeatureConfig
                0x08004334      0x144 ./Drivers/STM32L4xx_HAL_Driver/Src/stm32l4xx_hal_uart.o
                0x08004334                UART_AdvFeatureConfig
 .text.UART_CheckIdleState
                0x08004478      0x150 ./Drivers/STM32L4xx_HAL_Driver/Src/stm32l4xx_hal_uart.o
                0x08004478                UART_CheckIdleState
 .text.UART_WaitOnFlagUntilTimeout
                0x080045c8       0xda ./Drivers/STM32L4xx_HAL_Driver/Src/stm32l4xx_hal_uart.o
                0x080045c8                UART_WaitOnFlagUntilTimeout
 .text.UART_EndRxTransfer
                0x080046a2       0xc8 ./Drivers/STM32L4xx_HAL_Driver/Src/stm32l4xx_hal_uart.o
 *fill*         0x0800476a        0x2 
 .text.__NVIC_SetPriority
                0x0800476c       0x54 ./Middlewares/Third_Party/FreeRTOS/Source/CMSIS_RTOS_V2/cmsis_os2.o
 .text.SysTick_Handler
                0x080047c0       0x20 ./Middlewares/Third_Party/FreeRTOS/Source/CMSIS_RTOS_V2/cmsis_os2.o
                0x080047c0                SysTick_Handler
 .text.SVC_Setup
                0x080047e0       0x12 ./Middlewares/Third_Party/FreeRTOS/Source/CMSIS_RTOS_V2/cmsis_os2.o
 *fill*         0x080047f2        0x2 
 .text.osKernelInitialize
                0x080047f4       0x48 ./Middlewares/Third_Party/FreeRTOS/Source/CMSIS_RTOS_V2/cmsis_os2.o
                0x080047f4                osKernelInitialize
 .text.osKernelStart
                0x0800483c       0x4c ./Middlewares/Third_Party/FreeRTOS/Source/CMSIS_RTOS_V2/cmsis_os2.o
                0x0800483c                osKernelStart
 .text.osThreadNew
                0x08004888      0x124 ./Middlewares/Third_Party/FreeRTOS/Source/CMSIS_RTOS_V2/cmsis_os2.o
                0x08004888                osThreadNew
 .text.osDelay  0x080049ac       0x36 ./Middlewares/Third_Party/FreeRTOS/Source/CMSIS_RTOS_V2/cmsis_os2.o
                0x080049ac                osDelay
 .text.osMessageQueueNew
                0x080049e2       0xe6 ./Middlewares/Third_Party/FreeRTOS/Source/CMSIS_RTOS_V2/cmsis_os2.o
                0x080049e2                osMessageQueueNew
 .text.osMessageQueuePut
                0x08004ac8       0xc0 ./Middlewares/Third_Party/FreeRTOS/Source/CMSIS_RTOS_V2/cmsis_os2.o
                0x08004ac8                osMessageQueuePut
 .text.osMessageQueueGet
                0x08004b88       0xbc ./Middlewares/Third_Party/FreeRTOS/Source/CMSIS_RTOS_V2/cmsis_os2.o
                0x08004b88                osMessageQueueGet
 .text.vApplicationGetIdleTaskMemory
                0x08004c44       0x34 ./Middlewares/Third_Party/FreeRTOS/Source/CMSIS_RTOS_V2/cmsis_os2.o
                0x08004c44                vApplicationGetIdleTaskMemory
 .text.vApplicationGetTimerTaskMemory
                0x08004c78       0x34 ./Middlewares/Third_Party/FreeRTOS/Source/CMSIS_RTOS_V2/cmsis_os2.o
                0x08004c78                vApplicationGetTimerTaskMemory
 .text.vListInitialise
                0x08004cac       0x40 ./Middlewares/Third_Party/FreeRTOS/Source/list.o
                0x08004cac                vListInitialise
 .text.vListInitialiseItem
                0x08004cec       0x1a ./Middlewares/Third_Party/FreeRTOS/Source/list.o
                0x08004cec                vListInitialiseItem
 .text.vListInsertEnd
                0x08004d06       0x48 ./Middlewares/Third_Party/FreeRTOS/Source/list.o
                0x08004d06                vListInsertEnd
 .text.vListInsert
                0x08004d4e       0x72 ./Middlewares/Third_Party/FreeRTOS/Source/list.o
                0x08004d4e                vListInsert
 .text.uxListRemove
                0x08004dc0       0x54 ./Middlewares/Third_Party/FreeRTOS/Source/list.o
                0x08004dc0                uxListRemove
 .text.xQueueGenericReset
                0x08004e14       0xd4 ./Middlewares/Third_Party/FreeRTOS/Source/queue.o
                0x08004e14                xQueueGenericReset
 .text.xQueueGenericCreateStatic
                0x08004ee8       0xfa ./Middlewares/Third_Party/FreeRTOS/Source/queue.o
                0x08004ee8                xQueueGenericCreateStatic
 .text.xQueueGenericCreate
                0x08004fe2       0x76 ./Middlewares/Third_Party/FreeRTOS/Source/queue.o
                0x08004fe2                xQueueGenericCreate
 .text.prvInitialiseNewQueue
                0x08005058       0x46 ./Middlewares/Third_Party/FreeRTOS/Source/queue.o
 *fill*         0x0800509e        0x2 
 .text.xQueueGenericSend
                0x080050a0      0x204 ./Middlewares/Third_Party/FreeRTOS/Source/queue.o
                0x080050a0                xQueueGenericSend
 .text.xQueueGenericSendFromISR
                0x080052a4      0x13c ./Middlewares/Third_Party/FreeRTOS/Source/queue.o
                0x080052a4                xQueueGenericSendFromISR
 .text.xQueueReceive
                0x080053e0      0x1c4 ./Middlewares/Third_Party/FreeRTOS/Source/queue.o
                0x080053e0                xQueueReceive
 .text.xQueueReceiveFromISR
                0x080055a4      0x104 ./Middlewares/Third_Party/FreeRTOS/Source/queue.o
                0x080055a4                xQueueReceiveFromISR
 .text.prvCopyDataToQueue
                0x080056a8       0xd4 ./Middlewares/Third_Party/FreeRTOS/Source/queue.o
 .text.prvCopyDataFromQueue
                0x0800577c       0x4c ./Middlewares/Third_Party/FreeRTOS/Source/queue.o
 .text.prvUnlockQueue
                0x080057c8       0xa4 ./Middlewares/Third_Party/FreeRTOS/Source/queue.o
 .text.prvIsQueueEmpty
                0x0800586c       0x2c ./Middlewares/Third_Party/FreeRTOS/Source/queue.o
 .text.prvIsQueueFull
                0x08005898       0x30 ./Middlewares/Third_Party/FreeRTOS/Source/queue.o
 .text.vQueueAddToRegistry
                0x080058c8       0x54 ./Middlewares/Third_Party/FreeRTOS/Source/queue.o
                0x080058c8                vQueueAddToRegistry
 .text.vQueueWaitForMessageRestricted
                0x0800591c       0x68 ./Middlewares/Third_Party/FreeRTOS/Source/queue.o
                0x0800591c                vQueueWaitForMessageRestricted
 .text.xTaskCreateStatic
                0x08005984       0xc0 ./Middlewares/Third_Party/FreeRTOS/Source/tasks.o
                0x08005984                xTaskCreateStatic
 .text.xTaskCreate
                0x08005a44       0x8a ./Middlewares/Third_Party/FreeRTOS/Source/tasks.o
                0x08005a44                xTaskCreate
 *fill*         0x08005ace        0x2 
 .text.prvInitialiseNewTask
                0x08005ad0      0x150 ./Middlewares/Third_Party/FreeRTOS/Source/tasks.o
 .text.prvAddNewTaskToReadyList
                0x08005c20       0xe0 ./Middlewares/Third_Party/FreeRTOS/Source/tasks.o
 .text.vTaskDelay
                0x08005d00       0x6c ./Middlewares/Third_Party/FreeRTOS/Source/tasks.o
                0x08005d00                vTaskDelay
 .text.vTaskStartScheduler
                0x08005d6c       0xe0 ./Middlewares/Third_Party/FreeRTOS/Source/tasks.o
                0x08005d6c                vTaskStartScheduler
 .text.vTaskSuspendAll
                0x08005e4c       0x1c ./Middlewares/Third_Party/FreeRTOS/Source/tasks.o
                0x08005e4c                vTaskSuspendAll
 .text.xTaskResumeAll
                0x08005e68      0x13c ./Middlewares/Third_Party/FreeRTOS/Source/tasks.o
                0x08005e68                xTaskResumeAll
 .text.xTaskGetTickCount
                0x08005fa4       0x20 ./Middlewares/Third_Party/FreeRTOS/Source/tasks.o
                0x08005fa4                xTaskGetTickCount
 .text.xTaskIncrementTick
                0x08005fc4      0x174 ./Middlewares/Third_Party/FreeRTOS/Source/tasks.o
                0x08005fc4                xTaskIncrementTick
 .text.vTaskSwitchContext
                0x08006138       0xcc ./Middlewares/Third_Party/FreeRTOS/Source/tasks.o
                0x08006138                vTaskSwitchContext
 .text.vTaskPlaceOnEventList
                0x08006204       0x4c ./Middlewares/Third_Party/FreeRTOS/Source/tasks.o
                0x08006204                vTaskPlaceOnEventList
 .text.vTaskPlaceOnEventListRestricted
                0x08006250       0x58 ./Middlewares/Third_Party/FreeRTOS/Source/tasks.o
                0x08006250                vTaskPlaceOnEventListRestricted
 .text.xTaskRemoveFromEventList
                0x080062a8       0xc8 ./Middlewares/Third_Party/FreeRTOS/Source/tasks.o
                0x080062a8                xTaskRemoveFromEventList
 .text.vTaskInternalSetTimeOutState
                0x08006370       0x2c ./Middlewares/Third_Party/FreeRTOS/Source/tasks.o
                0x08006370                vTaskInternalSetTimeOutState
 .text.xTaskCheckForTimeOut
                0x0800639c       0xc8 ./Middlewares/Third_Party/FreeRTOS/Source/tasks.o
                0x0800639c                xTaskCheckForTimeOut
 .text.vTaskMissedYield
                0x08006464       0x18 ./Middlewares/Third_Party/FreeRTOS/Source/tasks.o
                0x08006464                vTaskMissedYield
 .text.prvIdleTask
                0x0800647c       0x30 ./Middlewares/Third_Party/FreeRTOS/Source/tasks.o
 .text.prvInitialiseTaskLists
                0x080064ac       0x80 ./Middlewares/Third_Party/FreeRTOS/Source/tasks.o
 .text.prvCheckTasksWaitingTermination
                0x0800652c       0x5c ./Middlewares/Third_Party/FreeRTOS/Source/tasks.o
 .text.prvDeleteTCB
                0x08006588       0x6a ./Middlewares/Third_Party/FreeRTOS/Source/tasks.o
 *fill*         0x080065f2        0x2 
 .text.prvResetNextTaskUnblockTime
                0x080065f4       0x40 ./Middlewares/Third_Party/FreeRTOS/Source/tasks.o
 .text.xTaskGetSchedulerState
                0x08006634       0x3c ./Middlewares/Third_Party/FreeRTOS/Source/tasks.o
                0x08006634                xTaskGetSchedulerState
 .text.xTaskPriorityDisinherit
                0x08006670       0xe0 ./Middlewares/Third_Party/FreeRTOS/Source/tasks.o
                0x08006670                xTaskPriorityDisinherit
 .text.prvAddCurrentTaskToDelayedList
                0x08006750       0xa8 ./Middlewares/Third_Party/FreeRTOS/Source/tasks.o
 .text.xTimerCreateTimerTask
                0x080067f8       0x94 ./Middlewares/Third_Party/FreeRTOS/Source/timers.o
                0x080067f8                xTimerCreateTimerTask
 .text.xTimerGenericCommand
                0x0800688c       0x9c ./Middlewares/Third_Party/FreeRTOS/Source/timers.o
                0x0800688c                xTimerGenericCommand
 .text.prvProcessExpiredTimer
                0x08006928       0x9c ./Middlewares/Third_Party/FreeRTOS/Source/timers.o
 .text.prvTimerTask
                0x080069c4       0x26 ./Middlewares/Third_Party/FreeRTOS/Source/timers.o
 *fill*         0x080069ea        0x2 
 .text.prvProcessTimerOrBlockTask
                0x080069ec       0x9c ./Middlewares/Third_Party/FreeRTOS/Source/timers.o
 .text.prvGetNextExpireTime
                0x08006a88       0x48 ./Middlewares/Third_Party/FreeRTOS/Source/timers.o
 .text.prvSampleTimeNow
                0x08006ad0       0x40 ./Middlewares/Third_Party/FreeRTOS/Source/timers.o
 .text.prvInsertTimerInActiveList
                0x08006b10       0x84 ./Middlewares/Third_Party/FreeRTOS/Source/timers.o
 .text.prvProcessReceivedCommands
                0x08006b94      0x1cc ./Middlewares/Third_Party/FreeRTOS/Source/timers.o
 .text.prvSwitchTimerLists
                0x08006d60       0xcc ./Middlewares/Third_Party/FreeRTOS/Source/timers.o
 .text.prvCheckForValidListAndQueue
                0x08006e2c       0x80 ./Middlewares/Third_Party/FreeRTOS/Source/timers.o
 .text.pxPortInitialiseStack
                0x08006eac       0x68 ./Middlewares/Third_Party/FreeRTOS/Source/portable/GCC/ARM_CM4F/port.o
                0x08006eac                pxPortInitialiseStack
 .text.prvTaskExitError
                0x08006f14       0x5c ./Middlewares/Third_Party/FreeRTOS/Source/portable/GCC/ARM_CM4F/port.o
 .text.SVC_Handler
                0x08006f70       0x28 ./Middlewares/Third_Party/FreeRTOS/Source/portable/GCC/ARM_CM4F/port.o
                0x08006f70                SVC_Handler
 .text.prvPortStartFirstTask
                0x08006f98       0x28 ./Middlewares/Third_Party/FreeRTOS/Source/portable/GCC/ARM_CM4F/port.o
 .text.xPortStartScheduler
                0x08006fc0      0x148 ./Middlewares/Third_Party/FreeRTOS/Source/portable/GCC/ARM_CM4F/port.o
                0x08006fc0                xPortStartScheduler
 .text.vPortEnterCritical
                0x08007108       0x64 ./Middlewares/Third_Party/FreeRTOS/Source/portable/GCC/ARM_CM4F/port.o
                0x08007108                vPortEnterCritical
 .text.vPortExitCritical
                0x0800716c       0x54 ./Middlewares/Third_Party/FreeRTOS/Source/portable/GCC/ARM_CM4F/port.o
                0x0800716c                vPortExitCritical
 .text.PendSV_Handler
                0x080071c0       0x68 ./Middlewares/Third_Party/FreeRTOS/Source/portable/GCC/ARM_CM4F/port.o
                0x080071c0                PendSV_Handler
 .text.xPortSysTickHandler
                0x08007228       0x44 ./Middlewares/Third_Party/FreeRTOS/Source/portable/GCC/ARM_CM4F/port.o
                0x08007228                xPortSysTickHandler
 .text.vPortSetupTimerInterrupt
                0x0800726c       0x48 ./Middlewares/Third_Party/FreeRTOS/Source/portable/GCC/ARM_CM4F/port.o
                0x0800726c                vPortSetupTimerInterrupt
 .text.vPortEnableVFP
                0x080072b4       0x14 ./Middlewares/Third_Party/FreeRTOS/Source/portable/GCC/ARM_CM4F/port.o
 .text.vPortValidateInterruptPriority
                0x080072c8       0x84 ./Middlewares/Third_Party/FreeRTOS/Source/portable/GCC/ARM_CM4F/port.o
                0x080072c8                vPortValidateInterruptPriority
 .text.pvPortMalloc
                0x0800734c      0x19c ./Middlewares/Third_Party/FreeRTOS/Source/portable/MemMang/heap_4.o
                0x0800734c                pvPortMalloc
 .text.vPortFree
                0x080074e8       0xc8 ./Middlewares/Third_Party/FreeRTOS/Source/portable/MemMang/heap_4.o
                0x080074e8                vPortFree
 .text.prvHeapInit
                0x080075b0       0xc4 ./Middlewares/Third_Party/FreeRTOS/Source/portable/MemMang/heap_4.o
 .text.prvInsertBlockIntoFreeList
                0x08007674       0xb4 ./Middlewares/Third_Party/FreeRTOS/Source/portable/MemMang/heap_4.o
 .text.memset   0x08007728       0x10 C:/STM32CubeIDE_2.0.0/STM32CubeIDE/plugins/com.st.stm32cube.ide.mcu.externaltools.gnu-tools-for-stm32.13.3.rel1.win32_1.0.100.202509120712/tools/bin/../lib/gcc/arm-none-eabi/13.3.1/../../../../arm-none-eabi/lib/thumb/v7e-m+fp/hard\libc_nano.a(libc_a-memset.o)
                0x08007728                memset
 .text._reclaim_reent
                0x08007738       0xbc C:/STM32CubeIDE_2.0.0/STM32CubeIDE/plugins/com.st.stm32cube.ide.mcu.externaltools.gnu-tools-for-stm32.13.3.rel1.win32_1.0.100.202509120712/tools/bin/../lib/gcc/arm-none-eabi/13.3.1/../../../../arm-none-eabi/lib/thumb/v7e-m+fp/hard\libc_nano.a(libc_a-reent.o)
                0x08007738                _reclaim_reent
 .text.__libc_init_array
                0x080077f4       0x48 C:/STM32CubeIDE_2.0.0/STM32CubeIDE/plugins/com.st.stm32cube.ide.mcu.externaltools.gnu-tools-for-stm32.13.3.rel1.win32_1.0.100.202509120712/tools/bin/../lib/gcc/arm-none-eabi/13.3.1/../../../../arm-none-eabi/lib/thumb/v7e-m+fp/hard\libc_nano.a(libc_a-init.o)
                0x080077f4                __libc_init_array
 .text.__retarget_lock_acquire_recursive
                0x0800783c        0x2 C:/STM32CubeIDE_2.0.0/STM32CubeIDE/plugins/com.st.stm32cube.ide.mcu.externaltools.gnu-tools-for-stm32.13.3.rel1.win32_1.0.100.202509120712/tools/bin/../lib/gcc/arm-none-eabi/13.3.1/../../../../arm-none-eabi/lib/thumb/v7e-m+fp/hard\libc_nano.a(libc_a-lock.o)
                0x0800783c                __retarget_lock_acquire_recursive
 .text.__retarget_lock_release_recursive
                0x0800783e        0x2 C:/STM32CubeIDE_2.0.0/STM32CubeIDE/plugins/com.st.stm32cube.ide.mcu.externaltools.gnu-tools-for-stm32.13.3.rel1.win32_1.0.100.202509120712/tools/bin/../lib/gcc/arm-none-eabi/13.3.1/../../../../arm-none-eabi/lib/thumb/v7e-m+fp/hard\libc_nano.a(libc_a-lock.o)
                0x0800783e                __retarget_lock_release_recursive
 .text.memcpy   0x08007840       0x1c C:/STM32CubeIDE_2.0.0/STM32CubeIDE/plugins/com.st.stm32cube.ide.mcu.externaltools.gnu-tools-for-stm32.13.3.rel1.win32_1.0.100.202509120712/tools/bin/../lib/gcc/arm-none-eabi/13.3.1/../../../../arm-none-eabi/lib/thumb/v7e-m+fp/hard\libc_nano.a(libc_a-memcpy-stub.o)
                0x08007840                memcpy
 .text._free_r  0x0800785c       0x94 C:/STM32CubeIDE_2.0.0/STM32CubeIDE/plugins/com.st.stm32cube.ide.mcu.externaltools.gnu-tools-for-stm32.13.3.rel1.win32_1.0.100.202509120712/tools/bin/../lib/gcc/arm-none-eabi/13.3.1/../../../../arm-none-eabi/lib/thumb/v7e-m+fp/hard\libc_nano.a(libc_a-freer.o)
                0x0800785c                _free_r
 .text.__malloc_lock
                0x080078f0        0xc C:/STM32CubeIDE_2.0.0/STM32CubeIDE/plugins/com.st.stm32cube.ide.mcu.externaltools.gnu-tools-for-stm32.13.3.rel1.win32_1.0.100.202509120712/tools/bin/../lib/gcc/arm-none-eabi/13.3.1/../../../../arm-none-eabi/lib/thumb/v7e-m+fp/hard\libc_nano.a(libc_a-mlock.o)
                0x080078f0                __malloc_lock
 .text.__malloc_unlock
                0x080078fc        0xc C:/STM32CubeIDE_2.0.0/STM32CubeIDE/plugins/com.st.stm32cube.ide.mcu.externaltools.gnu-tools-for-stm32.13.3.rel1.win32_1.0.100.202509120712/tools/bin/../lib/gcc/arm-none-eabi/13.3.1/../../../../arm-none-eabi/lib/thumb/v7e-m+fp/hard\libc_nano.a(libc_a-mlock.o)
                0x080078fc                __malloc_unlock
 *(.glue_7)
 .glue_7        0x08007908        0x0 linker stubs
 *(.glue_7t)
 .glue_7t       0x08007908        0x0 linker stubs
 *(.eh_frame)
 .eh_frame      0x08007908        0x0 C:/STM32CubeIDE_2.0.0/STM32CubeIDE/plugins/com.st.stm32cube.ide.mcu.externaltools.gnu-tools-for-stm32.13.3.rel1.win32_1.0.100.202509120712/tools/bin/../lib/gcc/arm-none-eabi/13.3.1/thumb/v7e-m+fp/hard/crtbegin.o
 *(.init)
 .init          0x08007908        0x4 C:/STM32CubeIDE_2.0.0/STM32CubeIDE/plugins/com.st.stm32cube.ide.mcu.externaltools.gnu-tools-for-stm32.13.3.rel1.win32_1.0.100.202509120712/tools/bin/../lib/gcc/arm-none-eabi/13.3.1/thumb/v7e-m+fp/hard/crti.o
                0x08007908                _init
 .init          0x0800790c        0x8 C:/STM32CubeIDE_2.0.0/STM32CubeIDE/plugins/com.st.stm32cube.ide.mcu.externaltools.gnu-tools-for-stm32.13.3.rel1.win32_1.0.100.202509120712/tools/bin/../lib/gcc/arm-none-eabi/13.3.1/thumb/v7e-m+fp/hard/crtn.o
 *(.fini)
 .fini          0x08007914        0x4 C:/STM32CubeIDE_2.0.0/STM32CubeIDE/plugins/com.st.stm32cube.ide.mcu.externaltools.gnu-tools-for-stm32.13.3.rel1.win32_1.0.100.202509120712/tools/bin/../lib/gcc/arm-none-eabi/13.3.1/thumb/v7e-m+fp/hard/crti.o
                0x08007914                _fini
 .fini          0x08007918        0x8 C:/STM32CubeIDE_2.0.0/STM32CubeIDE/plugins/com.st.stm32cube.ide.mcu.externaltools.gnu-tools-for-stm32.13.3.rel1.win32_1.0.100.202509120712/tools/bin/../lib/gcc/arm-none-eabi/13.3.1/thumb/v7e-m+fp/hard/crtn.o
                0x08007920                        . = ALIGN (0x4)
                0x08007920                        _etext = .

.vfp11_veneer   0x08007920        0x0
 .vfp11_veneer  0x08007920        0x0 linker stubs

.v4_bx          0x08007920        0x0
 .v4_bx         0x08007920        0x0 linker stubs

.iplt           0x08007920        0x0
 .iplt          0x08007920        0x0 C:/STM32CubeIDE_2.0.0/STM32CubeIDE/plugins/com.st.stm32cube.ide.mcu.externaltools.gnu-tools-for-stm32.13.3.rel1.win32_1.0.100.202509120712/tools/bin/../lib/gcc/arm-none-eabi/13.3.1/thumb/v7e-m+fp/hard/crtbegin.o

.rodata         0x08007920      0x174
                0x08007920                        . = ALIGN (0x4)
 *(.rodata)
 .rodata        0x08007920       0x52 ./Core/Src/freertos.o
 *fill*         0x08007972        0x2 
 .rodata        0x08007974        0x5 ./Middlewares/Third_Party/FreeRTOS/Source/tasks.o
 *fill*         0x08007979        0x3 
 .rodata        0x0800797c        0xd ./Middlewares/Third_Party/FreeRTOS/Source/timers.o
 *(.rodata*)
 *fill*         0x08007989        0x3 
 .rodata.smoke_task_attributes
                0x0800798c       0x24 ./Core/Src/freertos.o
                0x0800798c                smoke_task_attributes
 .rodata.temp_task_attributes
                0x080079b0       0x24 ./Core/Src/freertos.o
                0x080079b0                temp_task_attributes
 .rodata.process_task_attributes
                0x080079d4       0x24 ./Core/Src/freertos.o
                0x080079d4                process_task_attributes
 .rodata.oled_task_attributes
                0x080079f8       0x24 ./Core/Src/freertos.o
                0x080079f8                oled_task_attributes
 .rodata.sensor_queue_attributes
                0x08007a1c       0x18 ./Core/Src/freertos.o
                0x08007a1c                sensor_queue_attributes
 .rodata.display_queue_attributes
                0x08007a34       0x18 ./Core/Src/freertos.o
                0x08007a34                display_queue_attributes
 .rodata.AHBPrescTable
                0x08007a4c       0x10 ./Core/Src/system_stm32l4xx.o
                0x08007a4c                AHBPrescTable
 .rodata.APBPrescTable
                0x08007a5c        0x8 ./Core/Src/system_stm32l4xx.o
                0x08007a5c                APBPrescTable
 .rodata.MSIRangeTable
                0x08007a64       0x30 ./Core/Src/system_stm32l4xx.o
                0x08007a64                MSIRangeTable
                0x08007a94                        . = ALIGN (0x4)

.ARM.extab      0x08007a94        0x0
                0x08007a94                        . = ALIGN (0x4)
 *(.ARM.extab* .gnu.linkonce.armextab.*)
                0x08007a94                        . = ALIGN (0x4)

.ARM            0x08007a94        0x8
                0x08007a94                        . = ALIGN (0x4)
                0x08007a94                        __exidx_start = .
 *(.ARM.exidx*)
 .ARM.exidx     0x08007a94        0x8 C:/STM32CubeIDE_2.0.0/STM32CubeIDE/plugins/com.st.stm32cube.ide.mcu.externaltools.gnu-tools-for-stm32.13.3.rel1.win32_1.0.100.202509120712/tools/bin/../lib/gcc/arm-none-eabi/13.3.1/thumb/v7e-m+fp/hard\libgcc.a(_udivmoddi4.o)
                0x08007a9c                        __exidx_end = .
                0x08007a9c                        . = ALIGN (0x4)

.preinit_array  0x08007a9c        0x0
                0x08007a9c                        . = ALIGN (0x4)
                0x08007a9c                        PROVIDE (__preinit_array_start = .)
 *(.preinit_array*)
                0x08007a9c                        PROVIDE (__preinit_array_end = .)
                0x08007a9c                        . = ALIGN (0x4)

.init_array     0x08007a9c        0x4
                0x08007a9c                        . = ALIGN (0x4)
                0x08007a9c                        PROVIDE (__init_array_start = .)
 *(SORT_BY_NAME(.init_array.*))
 *(.init_array*)
 .init_array    0x08007a9c        0x4 C:/STM32CubeIDE_2.0.0/STM32CubeIDE/plugins/com.st.stm32cube.ide.mcu.externaltools.gnu-tools-for-stm32.13.3.rel1.win32_1.0.100.202509120712/tools/bin/../lib/gcc/arm-none-eabi/13.3.1/thumb/v7e-m+fp/hard/crtbegin.o
                0x08007aa0                        PROVIDE (__init_array_end = .)
                0x08007aa0                        . = ALIGN (0x4)

.fini_array     0x08007aa0        0x4
                0x08007aa0                        . = ALIGN (0x4)
                [!provide]                        PROVIDE (__fini_array_start = .)
 *(SORT_BY_NAME(.fini_array.*))
 *(.fini_array*)
 .fini_array    0x08007aa0        0x4 C:/STM32CubeIDE_2.0.0/STM32CubeIDE/plugins/com.st.stm32cube.ide.mcu.externaltools.gnu-tools-for-stm32.13.3.rel1.win32_1.0.100.202509120712/tools/bin/../lib/gcc/arm-none-eabi/13.3.1/thumb/v7e-m+fp/hard/crtbegin.o
                [!provide]                        PROVIDE (__fini_array_end = .)
                0x08007aa4                        . = ALIGN (0x4)
                0x08007aa4                        _sidata = LOADADDR (.data)

.rel.dyn        0x08007aa4        0x0
 .rel.iplt      0x08007aa4        0x0 C:/STM32CubeIDE_2.0.0/STM32CubeIDE/plugins/com.st.stm32cube.ide.mcu.externaltools.gnu-tools-for-stm32.13.3.rel1.win32_1.0.100.202509120712/tools/bin/../lib/gcc/arm-none-eabi/13.3.1/thumb/v7e-m+fp/hard/crtbegin.o

.data           0x20000000       0x60 load address 0x08007aa4
                0x20000000                        . = ALIGN (0x4)
                0x20000000                        _sdata = .
 *(.data)
 *(.data*)
 .data.SystemCoreClock
                0x20000000        0x4 ./Core/Src/system_stm32l4xx.o
                0x20000000                SystemCoreClock
 .data.uwTickPrio
                0x20000004        0x4 ./Drivers/STM32L4xx_HAL_Driver/Src/stm32l4xx_hal.o
                0x20000004                uwTickPrio
 .data.uwTickFreq
                0x20000008        0x1 ./Drivers/STM32L4xx_HAL_Driver/Src/stm32l4xx_hal.o
                0x20000008                uwTickFreq
 *fill*         0x20000009        0x3 
 .data.uxCriticalNesting
                0x2000000c        0x4 ./Middlewares/Third_Party/FreeRTOS/Source/portable/GCC/ARM_CM4F/port.o
 .data._impure_ptr
                0x20000010        0x4 C:/STM32CubeIDE_2.0.0/STM32CubeIDE/plugins/com.st.stm32cube.ide.mcu.externaltools.gnu-tools-for-stm32.13.3.rel1.win32_1.0.100.202509120712/tools/bin/../lib/gcc/arm-none-eabi/13.3.1/../../../../arm-none-eabi/lib/thumb/v7e-m+fp/hard\libc_nano.a(libc_a-impure.o)
                0x20000010                _impure_ptr
 .data._impure_data
                0x20000014       0x4c C:/STM32CubeIDE_2.0.0/STM32CubeIDE/plugins/com.st.stm32cube.ide.mcu.externaltools.gnu-tools-for-stm32.13.3.rel1.win32_1.0.100.202509120712/tools/bin/../lib/gcc/arm-none-eabi/13.3.1/../../../../arm-none-eabi/lib/thumb/v7e-m+fp/hard\libc_nano.a(libc_a-impure.o)
                0x20000014                _impure_data
 *(.RamFunc)
 *(.RamFunc*)
                0x20000060                        . = ALIGN (0x4)
                0x20000060                        _edata = .

.igot.plt       0x20000060        0x0 load address 0x08007b04
 .igot.plt      0x20000060        0x0 C:/STM32CubeIDE_2.0.0/STM32CubeIDE/plugins/com.st.stm32cube.ide.mcu.externaltools.gnu-tools-for-stm32.13.3.rel1.win32_1.0.100.202509120712/tools/bin/../lib/gcc/arm-none-eabi/13.3.1/thumb/v7e-m+fp/hard/crtbegin.o
                0x20000060                        . = ALIGN (0x4)

.bss            0x20000060     0x50a4 load address 0x08007b04
                0x20000060                        _sbss = .
                0x20000060                        __bss_start__ = _sbss
 *(.bss)
 .bss           0x20000060       0x1c C:/STM32CubeIDE_2.0.0/STM32CubeIDE/plugins/com.st.stm32cube.ide.mcu.externaltools.gnu-tools-for-stm32.13.3.rel1.win32_1.0.100.202509120712/tools/bin/../lib/gcc/arm-none-eabi/13.3.1/thumb/v7e-m+fp/hard/crtbegin.o
 *(.bss*)
 .bss.bmp_hi2c  0x2000007c        0x4 ./Core/Src/BMP.o
 .bss.calib     0x20000080       0x16 ./Core/Src/BMP.o
 .bss.initialized
                0x20000096        0x1 ./Core/Src/BMP.o
 *fill*         0x20000097        0x1 
 .bss.smoke_taskHandle
                0x20000098        0x4 ./Core/Src/freertos.o
                0x20000098                smoke_taskHandle
 .bss.temp_taskHandle
                0x2000009c        0x4 ./Core/Src/freertos.o
                0x2000009c                temp_taskHandle
 .bss.process_taskHandle
                0x200000a0        0x4 ./Core/Src/freertos.o
                0x200000a0                process_taskHandle
 .bss.oled_taskHandle
                0x200000a4        0x4 ./Core/Src/freertos.o
                0x200000a4                oled_taskHandle
 .bss.sensor_queueHandle
                0x200000a8        0x4 ./Core/Src/freertos.o
                0x200000a8                sensor_queueHandle
 .bss.display_queueHandle
                0x200000ac        0x4 ./Core/Src/freertos.o
                0x200000ac                display_queueHandle
 .bss.hi2c1     0x200000b0       0x54 ./Core/Src/i2c.o
                0x200000b0                hi2c1
 .bss.htim6     0x20000104       0x4c ./Core/Src/stm32l4xx_hal_timebase_tim.o
                0x20000104                htim6
 .bss.huart2    0x20000150       0x88 ./Core/Src/usart.o
                0x20000150                huart2
 .bss.uwTick    0x200001d8        0x4 ./Drivers/STM32L4xx_HAL_Driver/Src/stm32l4xx_hal.o
                0x200001d8                uwTick
 .bss.KernelState
                0x200001dc        0x4 ./Middlewares/Third_Party/FreeRTOS/Source/CMSIS_RTOS_V2/cmsis_os2.o
 .bss.Idle_TCB.3
                0x200001e0       0xa8 ./Middlewares/Third_Party/FreeRTOS/Source/CMSIS_RTOS_V2/cmsis_os2.o
 .bss.Idle_Stack.2
                0x20000288      0x200 ./Middlewares/Third_Party/FreeRTOS/Source/CMSIS_RTOS_V2/cmsis_os2.o
 .bss.Timer_TCB.1
                0x20000488       0xa8 ./Middlewares/Third_Party/FreeRTOS/Source/CMSIS_RTOS_V2/cmsis_os2.o
 .bss.Timer_Stack.0
                0x20000530      0x400 ./Middlewares/Third_Party/FreeRTOS/Source/CMSIS_RTOS_V2/cmsis_os2.o
 .bss.xQueueRegistry
                0x20000930       0x40 ./Middlewares/Third_Party/FreeRTOS/Source/queue.o
                0x20000930                xQueueRegistry
 .bss.pxCurrentTCB
                0x20000970        0x4 ./Middlewares/Third_Party/FreeRTOS/Source/tasks.o
                0x20000970                pxCurrentTCB
 .bss.pxReadyTasksLists
                0x20000974      0x460 ./Middlewares/Third_Party/FreeRTOS/Source/tasks.o
 .bss.xDelayedTaskList1
                0x20000dd4       0x14 ./Middlewares/Third_Party/FreeRTOS/Source/tasks.o
 .bss.xDelayedTaskList2
                0x20000de8       0x14 ./Middlewares/Third_Party/FreeRTOS/Source/tasks.o
 .bss.pxDelayedTaskList
                0x20000dfc        0x4 ./Middlewares/Third_Party/FreeRTOS/Source/tasks.o
 .bss.pxOverflowDelayedTaskList
                0x20000e00        0x4 ./Middlewares/Third_Party/FreeRTOS/Source/tasks.o
 .bss.xPendingReadyList
                0x20000e04       0x14 ./Middlewares/Third_Party/FreeRTOS/Source/tasks.o
 .bss.xTasksWaitingTermination
                0x20000e18       0x14 ./Middlewares/Third_Party/FreeRTOS/Source/tasks.o
 .bss.uxDeletedTasksWaitingCleanUp
                0x20000e2c        0x4 ./Middlewares/Third_Party/FreeRTOS/Source/tasks.o
 .bss.xSuspendedTaskList
                0x20000e30       0x14 ./Middlewares/Third_Party/FreeRTOS/Source/tasks.o
 .bss.uxCurrentNumberOfTasks
                0x20000e44        0x4 ./Middlewares/Third_Party/FreeRTOS/Source/tasks.o
 .bss.xTickCount
                0x20000e48        0x4 ./Middlewares/Third_Party/FreeRTOS/Source/tasks.o
 .bss.uxTopReadyPriority
                0x20000e4c        0x4 ./Middlewares/Third_Party/FreeRTOS/Source/tasks.o
 .bss.xSchedulerRunning
                0x20000e50        0x4 ./Middlewares/Third_Party/FreeRTOS/Source/tasks.o
 .bss.xPendedTicks
                0x20000e54        0x4 ./Middlewares/Third_Party/FreeRTOS/Source/tasks.o
 .bss.xYieldPending
                0x20000e58        0x4 ./Middlewares/Third_Party/FreeRTOS/Source/tasks.o
 .bss.xNumOfOverflows
                0x20000e5c        0x4 ./Middlewares/Third_Party/FreeRTOS/Source/tasks.o
 .bss.uxTaskNumber
                0x20000e60        0x4 ./Middlewares/Third_Party/FreeRTOS/Source/tasks.o
 .bss.xNextTaskUnblockTime
                0x20000e64        0x4 ./Middlewares/Third_Party/FreeRTOS/Source/tasks.o
 .bss.xIdleTaskHandle
                0x20000e68        0x4 ./Middlewares/Third_Party/FreeRTOS/Source/tasks.o
 .bss.uxSchedulerSuspended
                0x20000e6c        0x4 ./Middlewares/Third_Party/FreeRTOS/Source/tasks.o
 .bss.xActiveTimerList1
                0x20000e70       0x14 ./Middlewares/Third_Party/FreeRTOS/Source/timers.o
 .bss.xActiveTimerList2
                0x20000e84       0x14 ./Middlewares/Third_Party/FreeRTOS/Source/timers.o
 .bss.pxCurrentTimerList
                0x20000e98        0x4 ./Middlewares/Third_Party/FreeRTOS/Source/timers.o
 .bss.pxOverflowTimerList
                0x20000e9c        0x4 ./Middlewares/Third_Party/FreeRTOS/Source/timers.o
 .bss.xTimerQueue
                0x20000ea0        0x4 ./Middlewares/Third_Party/FreeRTOS/Source/timers.o
 .bss.xTimerTaskHandle
                0x20000ea4        0x4 ./Middlewares/Third_Party/FreeRTOS/Source/timers.o
 .bss.xLastTime.2
                0x20000ea8        0x4 ./Middlewares/Third_Party/FreeRTOS/Source/timers.o
 .bss.ucStaticTimerQueueStorage.1
                0x20000eac       0xa0 ./Middlewares/Third_Party/FreeRTOS/Source/timers.o
 .bss.xStaticTimerQueue.0
                0x20000f4c       0x50 ./Middlewares/Third_Party/FreeRTOS/Source/timers.o
 .bss.ucMaxSysCallPriority
                0x20000f9c        0x1 ./Middlewares/Third_Party/FreeRTOS/Source/portable/GCC/ARM_CM4F/port.o
 *fill*         0x20000f9d        0x3 
 .bss.ulMaxPRIGROUPValue
                0x20000fa0        0x4 ./Middlewares/Third_Party/FreeRTOS/Source/portable/GCC/ARM_CM4F/port.o
 .bss.ucHeap    0x20000fa4     0x4000 ./Middlewares/Third_Party/FreeRTOS/Source/portable/MemMang/heap_4.o
 .bss.xStart    0x20004fa4        0x8 ./Middlewares/Third_Party/FreeRTOS/Source/portable/MemMang/heap_4.o
 .bss.pxEnd     0x20004fac        0x4 ./Middlewares/Third_Party/FreeRTOS/Source/portable/MemMang/heap_4.o
 .bss.xFreeBytesRemaining
                0x20004fb0        0x4 ./Middlewares/Third_Party/FreeRTOS/Source/portable/MemMang/heap_4.o
 .bss.xMinimumEverFreeBytesRemaining
                0x20004fb4        0x4 ./Middlewares/Third_Party/FreeRTOS/Source/portable/MemMang/heap_4.o
 .bss.xNumberOfSuccessfulAllocations
                0x20004fb8        0x4 ./Middlewares/Third_Party/FreeRTOS/Source/portable/MemMang/heap_4.o
 .bss.xNumberOfSuccessfulFrees
                0x20004fbc        0x4 ./Middlewares/Third_Party/FreeRTOS/Source/portable/MemMang/heap_4.o
 .bss.xBlockAllocatedBit
                0x20004fc0        0x4 ./Middlewares/Third_Party/FreeRTOS/Source/portable/MemMang/heap_4.o
 .bss.__sf      0x20004fc4      0x138 C:/STM32CubeIDE_2.0.0/STM32CubeIDE/plugins/com.st.stm32cube.ide.mcu.externaltools.gnu-tools-for-stm32.13.3.rel1.win32_1.0.100.202509120712/tools/bin/../lib/gcc/arm-none-eabi/13.3.1/../../../../arm-none-eabi/lib/thumb/v7e-m+fp/hard\libc_nano.a(libc_a-findfp.o)
                0x20004fc4                __sf
 .bss.__lock___malloc_recursive_mutex
                0x200050fc        0x1 C:/STM32CubeIDE_2.0.0/STM32CubeIDE/plugins/com.st.stm32cube.ide.mcu.externaltools.gnu-tools-for-stm32.13.3.rel1.win32_1.0.100.202509120712/tools/bin/../lib/gcc/arm-none-eabi/13.3.1/../../../../arm-none-eabi/lib/thumb/v7e-m+fp/hard\libc_nano.a(libc_a-lock.o)
                0x200050fc                __lock___malloc_recursive_mutex
 *fill*         0x200050fd        0x3 
 .bss.__malloc_free_list
                0x20005100        0x4 C:/STM32CubeIDE_2.0.0/STM32CubeIDE/plugins/com.st.stm32cube.ide.mcu.externaltools.gnu-tools-for-stm32.13.3.rel1.win32_1.0.100.202509120712/tools/bin/../lib/gcc/arm-none-eabi/13.3.1/../../../../arm-none-eabi/lib/thumb/v7e-m+fp/hard\libc_nano.a(libc_a-mallocr.o)
                0x20005100                __malloc_free_list
 *(COMMON)
                0x20005104                        . = ALIGN (0x4)
                0x20005104                        _ebss = .
                0x20005104                        __bss_end__ = _ebss

._user_heap_stack
                0x20005104      0x604 load address 0x08007b04
                0x20005108                        . = ALIGN (0x8)
 *fill*         0x20005104        0x4 
                [!provide]                        PROVIDE (end = .)
                0x20005108                        PROVIDE (_end = .)
                0x20005308                        . = (. + _Min_Heap_Size)
 *fill*         0x20005108      0x200 
                0x20005708                        . = (. + _Min_Stack_Size)
 *fill*         0x20005308      0x400 
                0x20005708                        . = ALIGN (0x8)

/DISCARD/
 libc.a(*)
 libm.a(*)
 libgcc.a(*)

.ARM.attributes
                0x00000000       0x30
 *(.ARM.attributes)
 .ARM.attributes
                0x00000000       0x22 C:/STM32CubeIDE_2.0.0/STM32CubeIDE/plugins/com.st.stm32cube.ide.mcu.externaltools.gnu-tools-for-stm32.13.3.rel1.win32_1.0.100.202509120712/tools/bin/../lib/gcc/arm-none-eabi/13.3.1/thumb/v7e-m+fp/hard/crti.o
 .ARM.attributes
                0x00000022       0x34 C:/STM32CubeIDE_2.0.0/STM32CubeIDE/plugins/com.st.stm32cube.ide.mcu.externaltools.gnu-tools-for-stm32.13.3.rel1.win32_1.0.100.202509120712/tools/bin/../lib/gcc/arm-none-eabi/13.3.1/thumb/v7e-m+fp/hard/crtbegin.o
 .ARM.attributes
                0x00000056       0x34 ./Core/Src/BMP.o
 .ARM.attributes
                0x0000008a       0x34 ./Core/Src/freertos.o
 .ARM.attributes
                0x000000be       0x34 ./Core/Src/gpio.o
 .ARM.attributes
                0x000000f2       0x34 ./Core/Src/i2c.o
 .ARM.attributes
                0x00000126       0x34 ./Core/Src/main.o
 .ARM.attributes
                0x0000015a       0x34 ./Core/Src/stm32l4xx_hal_msp.o
 .ARM.attributes
                0x0000018e       0x34 ./Core/Src/stm32l4xx_hal_timebase_tim.o
 .ARM.attributes
                0x000001c2       0x34 ./Core/Src/stm32l4xx_it.o
 .ARM.attributes
                0x000001f6       0x34 ./Core/Src/system_stm32l4xx.o
 .ARM.attributes
                0x0000022a       0x34 ./Core/Src/usart.o
 .ARM.attributes
                0x0000025e       0x21 ./Core/Startup/startup_stm32l476rgtx.o
 .ARM.attributes
                0x0000027f       0x34 ./Drivers/STM32L4xx_HAL_Driver/Src/stm32l4xx_hal.o
 .ARM.attributes
                0x000002b3       0x34 ./Drivers/STM32L4xx_HAL_Driver/Src/stm32l4xx_hal_cortex.o
 .ARM.attributes
                0x000002e7       0x34 ./Drivers/STM32L4xx_HAL_Driver/Src/stm32l4xx_hal_gpio.o
 .ARM.attributes
                0x0000031b       0x34 ./Drivers/STM32L4xx_HAL_Driver/Src/stm32l4xx_hal_i2c.o
 .ARM.attributes
                0x0000034f       0x34 ./Drivers/STM32L4xx_HAL_Driver/Src/stm32l4xx_hal_i2c_ex.o
 .ARM.attributes
                0x00000383       0x34 ./Drivers/STM32L4xx_HAL_Driver/Src/stm32l4xx_hal_pwr_ex.o
 .ARM.attributes
                0x000003b7       0x34 ./Drivers/STM32L4xx_HAL_Driver/Src/stm32l4xx_hal_rcc.o
 .ARM.attributes
                0x000003eb       0x34 ./Drivers/STM32L4xx_HAL_Driver/Src/stm32l4xx_hal_rcc_ex.o
 .ARM.attributes
                0x0000041f       0x34 ./Drivers/STM32L4xx_HAL_Driver/Src/stm32l4xx_hal_tim.o
 .ARM.attributes
                0x00000453       0x34 ./Drivers/STM32L4xx_HAL_Driver/Src/stm32l4xx_hal_tim_ex.o
 .ARM.attributes
                0x00000487       0x34 ./Drivers/STM32L4xx_HAL_Driver/Src/stm32l4xx_hal_uart.o
 .ARM.attributes
                0x000004bb       0x34 ./Middlewares/Third_Party/FreeRTOS/Source/CMSIS_RTOS_V2/cmsis_os2.o
 .ARM.attributes
                0x000004ef       0x34 ./Middlewares/Third_Party/FreeRTOS/Source/list.o
 .ARM.attributes
                0x00000523       0x34 ./Middlewares/Third_Party/FreeRTOS/Source/queue.o
 .ARM.attributes
                0x00000557       0x34 ./Middlewares/Third_Party/FreeRTOS/Source/tasks.o
 .ARM.attributes
                0x0000058b       0x34 ./Middlewares/Third_Party/FreeRTOS/Source/timers.o
 .ARM.attributes
                0x000005bf       0x34 ./Middlewares/Third_Party/FreeRTOS/Source/portable/GCC/ARM_CM4F/port.o
 .ARM.attributes
                0x000005f3       0x34 ./Middlewares/Third_Party/FreeRTOS/Source/portable/MemMang/heap_4.o
 .ARM.attributes
                0x00000627       0x34 C:/STM32CubeIDE_2.0.0/STM32CubeIDE/plugins/com.st.stm32cube.ide.mcu.externaltools.gnu-tools-for-stm32.13.3.rel1.win32_1.0.100.202509120712/tools/bin/../lib/gcc/arm-none-eabi/13.3.1/../../../../arm-none-eabi/lib/thumb/v7e-m+fp/hard\libc_nano.a(libc_a-findfp.o)
 .ARM.attributes
                0x0000065b       0x34 C:/STM32CubeIDE_2.0.0/STM32CubeIDE/plugins/com.st.stm32cube.ide.mcu.externaltools.gnu-tools-for-stm32.13.3.rel1.win32_1.0.100.202509120712/tools/bin/../lib/gcc/arm-none-eabi/13.3.1/../../../../arm-none-eabi/lib/thumb/v7e-m+fp/hard\libc_nano.a(libc_a-memset.o)
 .ARM.attributes
                0x0000068f       0x34 C:/STM32CubeIDE_2.0.0/STM32CubeIDE/plugins/com.st.stm32cube.ide.mcu.externaltools.gnu-tools-for-stm32.13.3.rel1.win32_1.0.100.202509120712/tools/bin/../lib/gcc/arm-none-eabi/13.3.1/../../../../arm-none-eabi/lib/thumb/v7e-m+fp/hard\libc_nano.a(libc_a-reent.o)
 .ARM.attributes
                0x000006c3       0x34 C:/STM32CubeIDE_2.0.0/STM32CubeIDE/plugins/com.st.stm32cube.ide.mcu.externaltools.gnu-tools-for-stm32.13.3.rel1.win32_1.0.100.202509120712/tools/bin/../lib/gcc/arm-none-eabi/13.3.1/../../../../arm-none-eabi/lib/thumb/v7e-m+fp/hard\libc_nano.a(libc_a-impure.o)
 .ARM.attributes
                0x000006f7       0x34 C:/STM32CubeIDE_2.0.0/STM32CubeIDE/plugins/com.st.stm32cube.ide.mcu.externaltools.gnu-tools-for-stm32.13.3.rel1.win32_1.0.100.202509120712/tools/bin/../lib/gcc/arm-none-eabi/13.3.1/../../../../arm-none-eabi/lib/thumb/v7e-m+fp/hard\libc_nano.a(libc_a-init.o)
 .ARM.attributes
                0x0000072b       0x34 C:/STM32CubeIDE_2.0.0/STM32CubeIDE/plugins/com.st.stm32cube.ide.mcu.externaltools.gnu-tools-for-stm32.13.3.rel1.win32_1.0.100.202509120712/tools/bin/../lib/gcc/arm-none-eabi/13.3.1/../../../../arm-none-eabi/lib/thumb/v7e-m+fp/hard\libc_nano.a(libc_a-lock.o)
 .ARM.attributes
                0x0000075f       0x34 C:/STM32CubeIDE_2.0.0/STM32CubeIDE/plugins/com.st.stm32cube.ide.mcu.externaltools.gnu-tools-for-stm32.13.3.rel1.win32_1.0.100.202509120712/tools/bin/../lib/gcc/arm-none-eabi/13.3.1/../../../../arm-none-eabi/lib/thumb/v7e-m+fp/hard\libc_nano.a(libc_a-memcpy-stub.o)
 .ARM.attributes
                0x00000793       0x34 C:/STM32CubeIDE_2.0.0/STM32CubeIDE/plugins/com.st.stm32cube.ide.mcu.externaltools.gnu-tools-for-stm32.13.3.rel1.win32_1.0.100.202509120712/tools/bin/../lib/gcc/arm-none-eabi/13.3.1/../../../../arm-none-eabi/lib/thumb/v7e-m+fp/hard\libc_nano.a(libc_a-freer.o)
 .ARM.attributes
                0x000007c7       0x34 C:/STM32CubeIDE_2.0.0/STM32CubeIDE/plugins/com.st.stm32cube.ide.mcu.externaltools.gnu-tools-for-stm32.13.3.rel1.win32_1.0.100.202509120712/tools/bin/../lib/gcc/arm-none-eabi/13.3.1/../../../../arm-none-eabi/lib/thumb/v7e-m+fp/hard\libc_nano.a(libc_a-mallocr.o)
 .ARM.attributes
                0x000007fb       0x34 C:/STM32CubeIDE_2.0.0/STM32CubeIDE/plugins/com.st.stm32cube.ide.mcu.externaltools.gnu-tools-for-stm32.13.3.rel1.win32_1.0.100.202509120712/tools/bin/../lib/gcc/arm-none-eabi/13.3.1/../../../../arm-none-eabi/lib/thumb/v7e-m+fp/hard\libc_nano.a(libc_a-mlock.o)
 .ARM.attributes
                0x0000082f       0x22 C:/STM32CubeIDE_2.0.0/STM32CubeIDE/plugins/com.st.stm32cube.ide.mcu.externaltools.gnu-tools-for-stm32.13.3.rel1.win32_1.0.100.202509120712/tools/bin/../lib/gcc/arm-none-eabi/13.3.1/thumb/v7e-m+fp/hard\libgcc.a(_aeabi_uldivmod.o)
 .ARM.attributes
                0x00000851       0x34 C:/STM32CubeIDE_2.0.0/STM32CubeIDE/plugins/com.st.stm32cube.ide.mcu.externaltools.gnu-tools-for-stm32.13.3.rel1.win32_1.0.100.202509120712/tools/bin/../lib/gcc/arm-none-eabi/13.3.1/thumb/v7e-m+fp/hard\libgcc.a(_udivmoddi4.o)
 .ARM.attributes
                0x00000885       0x22 C:/STM32CubeIDE_2.0.0/STM32CubeIDE/plugins/com.st.stm32cube.ide.mcu.externaltools.gnu-tools-for-stm32.13.3.rel1.win32_1.0.100.202509120712/tools/bin/../lib/gcc/arm-none-eabi/13.3.1/thumb/v7e-m+fp/hard\libgcc.a(_dvmd_tls.o)
 .ARM.attributes
                0x000008a7       0x22 C:/STM32CubeIDE_2.0.0/STM32CubeIDE/plugins/com.st.stm32cube.ide.mcu.externaltools.gnu-tools-for-stm32.13.3.rel1.win32_1.0.100.202509120712/tools/bin/../lib/gcc/arm-none-eabi/13.3.1/thumb/v7e-m+fp/hard/crtn.o
OUTPUT(APT_project.elf elf32-littlearm)
LOAD linker stubs
LOAD C:/STM32CubeIDE_2.0.0/STM32CubeIDE/plugins/com.st.stm32cube.ide.mcu.externaltools.gnu-tools-for-stm32.13.3.rel1.win32_1.0.100.202509120712/tools/bin/../lib/gcc/arm-none-eabi/13.3.1/../../../../arm-none-eabi/lib/thumb/v7e-m+fp/hard\libc.a
LOAD C:/STM32CubeIDE_2.0.0/STM32CubeIDE/plugins/com.st.stm32cube.ide.mcu.externaltools.gnu-tools-for-stm32.13.3.rel1.win32_1.0.100.202509120712/tools/bin/../lib/gcc/arm-none-eabi/13.3.1/../../../../arm-none-eabi/lib/thumb/v7e-m+fp/hard\libm.a
LOAD C:/STM32CubeIDE_2.0.0/STM32CubeIDE/plugins/com.st.stm32cube.ide.mcu.externaltools.gnu-tools-for-stm32.13.3.rel1.win32_1.0.100.202509120712/tools/bin/../lib/gcc/arm-none-eabi/13.3.1/thumb/v7e-m+fp/hard\libgcc.a

.debug_info     0x00000000    0x1f78e
 .debug_info    0x00000000      0x967 ./Core/Src/BMP.o
 .debug_info    0x00000967      0xcca ./Core/Src/freertos.o
 .debug_info    0x00001631      0x482 ./Core/Src/gpio.o
 .debug_info    0x00001ab3      0xce0 ./Core/Src/i2c.o
 .debug_info    0x00002793      0x9bc ./Core/Src/main.o
 .debug_info    0x0000314f      0x555 ./Core/Src/stm32l4xx_hal_msp.o
 .debug_info    0x000036a4      0xcca ./Core/Src/stm32l4xx_hal_timebase_tim.o
 .debug_info    0x0000436e      0x717 ./Core/Src/stm32l4xx_it.o
 .debug_info    0x00004a85      0x5e2 ./Core/Src/system_stm32l4xx.o
 .debug_info    0x00005067      0xd0d ./Core/Src/usart.o
 .debug_info    0x00005d74       0x30 ./Core/Startup/startup_stm32l476rgtx.o
 .debug_info    0x00005da4      0xb2d ./Drivers/STM32L4xx_HAL_Driver/Src/stm32l4xx_hal.o
 .debug_info    0x000068d1      0xdad ./Drivers/STM32L4xx_HAL_Driver/Src/stm32l4xx_hal_cortex.o
 .debug_info    0x0000767e      0x79f ./Drivers/STM32L4xx_HAL_Driver/Src/stm32l4xx_hal_gpio.o
 .debug_info    0x00007e1d     0x20fc ./Drivers/STM32L4xx_HAL_Driver/Src/stm32l4xx_hal_i2c.o
 .debug_info    0x00009f19      0x99f ./Drivers/STM32L4xx_HAL_Driver/Src/stm32l4xx_hal_i2c_ex.o
 .debug_info    0x0000a8b8      0x9ca ./Drivers/STM32L4xx_HAL_Driver/Src/stm32l4xx_hal_pwr_ex.o
 .debug_info    0x0000b282      0xc45 ./Drivers/STM32L4xx_HAL_Driver/Src/stm32l4xx_hal_rcc.o
 .debug_info    0x0000bec7      0xe58 ./Drivers/STM32L4xx_HAL_Driver/Src/stm32l4xx_hal_rcc_ex.o
 .debug_info    0x0000cd1f     0x2ade ./Drivers/STM32L4xx_HAL_Driver/Src/stm32l4xx_hal_tim.o
 .debug_info    0x0000f7fd     0x16e0 ./Drivers/STM32L4xx_HAL_Driver/Src/stm32l4xx_hal_tim_ex.o
 .debug_info    0x00010edd     0x3b8e ./Drivers/STM32L4xx_HAL_Driver/Src/stm32l4xx_hal_uart.o
 .debug_info    0x00014a6b     0x4137 ./Middlewares/Third_Party/FreeRTOS/Source/CMSIS_RTOS_V2/cmsis_os2.o
 .debug_info    0x00018ba2      0x2af ./Middlewares/Third_Party/FreeRTOS/Source/list.o
 .debug_info    0x00018e51     0x1b79 ./Middlewares/Third_Party/FreeRTOS/Source/queue.o
 .debug_info    0x0001a9ca     0x28c1 ./Middlewares/Third_Party/FreeRTOS/Source/tasks.o
 .debug_info    0x0001d28b     0x1b50 ./Middlewares/Third_Party/FreeRTOS/Source/timers.o
 .debug_info    0x0001eddb      0x4de ./Middlewares/Third_Party/FreeRTOS/Source/portable/GCC/ARM_CM4F/port.o
 .debug_info    0x0001f2b9      0x4d5 ./Middlewares/Third_Party/FreeRTOS/Source/portable/MemMang/heap_4.o

.debug_abbrev   0x00000000     0x4237
 .debug_abbrev  0x00000000      0x1dd ./Core/Src/BMP.o
 .debug_abbrev  0x000001dd      0x20f ./Core/Src/freertos.o
 .debug_abbrev  0x000003ec      0x158 ./Core/Src/gpio.o
 .debug_abbrev  0x00000544      0x218 ./Core/Src/i2c.o
 .debug_abbrev  0x0000075c      0x234 ./Core/Src/main.o
 .debug_abbrev  0x00000990      0x11e ./Core/Src/stm32l4xx_hal_msp.o
 .debug_abbrev  0x00000aae      0x1fa ./Core/Src/stm32l4xx_hal_timebase_tim.o
 .debug_abbrev  0x00000ca8      0x195 ./Core/Src/stm32l4xx_it.o
 .debug_abbrev  0x00000e3d      0x117 ./Core/Src/system_stm32l4xx.o
 .debug_abbrev  0x00000f54      0x1f4 ./Core/Src/usart.o
 .debug_abbrev  0x00001148       0x24 ./Core/Startup/startup_stm32l476rgtx.o
 .debug_abbrev  0x0000116c      0x243 ./Drivers/STM32L4xx_HAL_Driver/Src/stm32l4xx_hal.o
 .debug_abbrev  0x000013af      0x31c ./Drivers/STM32L4xx_HAL_Driver/Src/stm32l4xx_hal_cortex.o
 .debug_abbrev  0x000016cb      0x1d1 ./Drivers/STM32L4xx_HAL_Driver/Src/stm32l4xx_hal_gpio.o
 .debug_abbrev  0x0000189c      0x285 ./Drivers/STM32L4xx_HAL_Driver/Src/stm32l4xx_hal_i2c.o
 .debug_abbrev  0x00001b21      0x1cb ./Drivers/STM32L4xx_HAL_Driver/Src/stm32l4xx_hal_i2c_ex.o
 .debug_abbrev  0x00001cec      0x1f9 ./Drivers/STM32L4xx_HAL_Driver/Src/stm32l4xx_hal_pwr_ex.o
 .debug_abbrev  0x00001ee5      0x2dc ./Drivers/STM32L4xx_HAL_Driver/Src/stm32l4xx_hal_rcc.o
 .debug_abbrev  0x000021c1      0x2a5 ./Drivers/STM32L4xx_HAL_Driver/Src/stm32l4xx_hal_rcc_ex.o
 .debug_abbrev  0x00002466      0x289 ./Drivers/STM32L4xx_HAL_Driver/Src/stm32l4xx_hal_tim.o
 .debug_abbrev  0x000026ef      0x284 ./Drivers/STM32L4xx_HAL_Driver/Src/stm32l4xx_hal_tim_ex.o
 .debug_abbrev  0x00002973      0x2f3 ./Drivers/STM32L4xx_HAL_Driver/Src/stm32l4xx_hal_uart.o
 .debug_abbrev  0x00002c66      0x547 ./Middlewares/Third_Party/FreeRTOS/Source/CMSIS_RTOS_V2/cmsis_os2.o
 .debug_abbrev  0x000031ad       0xf5 ./Middlewares/Third_Party/FreeRTOS/Source/list.o
 .debug_abbrev  0x000032a2      0x3b6 ./Middlewares/Third_Party/FreeRTOS/Source/queue.o
 .debug_abbrev  0x00003658      0x3fe ./Middlewares/Third_Party/FreeRTOS/Source/tasks.o
 .debug_abbrev  0x00003a56      0x368 ./Middlewares/Third_Party/FreeRTOS/Source/timers.o
 .debug_abbrev  0x00003dbe      0x25c ./Middlewares/Third_Party/FreeRTOS/Source/portable/GCC/ARM_CM4F/port.o
 .debug_abbrev  0x0000401a      0x21d ./Middlewares/Third_Party/FreeRTOS/Source/portable/MemMang/heap_4.o

.debug_aranges  0x00000000     0x1a08
 .debug_aranges
                0x00000000       0x38 ./Core/Src/BMP.o
 .debug_aranges
                0x00000038       0x40 ./Core/Src/freertos.o
 .debug_aranges
                0x00000078       0x20 ./Core/Src/gpio.o
 .debug_aranges
                0x00000098       0x30 ./Core/Src/i2c.o
 .debug_aranges
                0x000000c8       0x38 ./Core/Src/main.o
 .debug_aranges
                0x00000100       0x20 ./Core/Src/stm32l4xx_hal_msp.o
 .debug_aranges
                0x00000120       0x30 ./Core/Src/stm32l4xx_hal_timebase_tim.o
 .debug_aranges
                0x00000150       0x50 ./Core/Src/stm32l4xx_it.o
 .debug_aranges
                0x000001a0       0x28 ./Core/Src/system_stm32l4xx.o
 .debug_aranges
                0x000001c8       0x30 ./Core/Src/usart.o
 .debug_aranges
                0x000001f8       0x28 ./Core/Startup/startup_stm32l476rgtx.o
 .debug_aranges
                0x00000220      0x130 ./Drivers/STM32L4xx_HAL_Driver/Src/stm32l4xx_hal.o
 .debug_aranges
                0x00000350      0x128 ./Drivers/STM32L4xx_HAL_Driver/Src/stm32l4xx_hal_cortex.o
 .debug_aranges
                0x00000478       0x58 ./Drivers/STM32L4xx_HAL_Driver/Src/stm32l4xx_hal_gpio.o
 .debug_aranges
                0x000004d0      0x2a0 ./Drivers/STM32L4xx_HAL_Driver/Src/stm32l4xx_hal_i2c.o
 .debug_aranges
                0x00000770       0x48 ./Drivers/STM32L4xx_HAL_Driver/Src/stm32l4xx_hal_i2c_ex.o
 .debug_aranges
                0x000007b8      0x160 ./Drivers/STM32L4xx_HAL_Driver/Src/stm32l4xx_hal_pwr_ex.o
 .debug_aranges
                0x00000918       0x90 ./Drivers/STM32L4xx_HAL_Driver/Src/stm32l4xx_hal_rcc.o
 .debug_aranges
                0x000009a8       0xc0 ./Drivers/STM32L4xx_HAL_Driver/Src/stm32l4xx_hal_rcc_ex.o
 .debug_aranges
                0x00000a68      0x3e0 ./Drivers/STM32L4xx_HAL_Driver/Src/stm32l4xx_hal_tim.o
 .debug_aranges
                0x00000e48      0x180 ./Drivers/STM32L4xx_HAL_Driver/Src/stm32l4xx_hal_tim_ex.o
 .debug_aranges
                0x00000fc8      0x228 ./Drivers/STM32L4xx_HAL_Driver/Src/stm32l4xx_hal_uart.o
 .debug_aranges
                0x000011f0      0x2b0 ./Middlewares/Third_Party/FreeRTOS/Source/CMSIS_RTOS_V2/cmsis_os2.o
 .debug_aranges
                0x000014a0       0x40 ./Middlewares/Third_Party/FreeRTOS/Source/list.o
 .debug_aranges
                0x000014e0      0x158 ./Middlewares/Third_Party/FreeRTOS/Source/queue.o
 .debug_aranges
                0x00001638      0x208 ./Middlewares/Third_Party/FreeRTOS/Source/tasks.o
 .debug_aranges
                0x00001840       0xf0 ./Middlewares/Third_Party/FreeRTOS/Source/timers.o
 .debug_aranges
                0x00001930       0x80 ./Middlewares/Third_Party/FreeRTOS/Source/portable/GCC/ARM_CM4F/port.o
 .debug_aranges
                0x000019b0       0x58 ./Middlewares/Third_Party/FreeRTOS/Source/portable/MemMang/heap_4.o

.debug_rnglists
                0x00000000     0x1446
 .debug_rnglists
                0x00000000       0x27 ./Core/Src/BMP.o
 .debug_rnglists
                0x00000027       0x2c ./Core/Src/freertos.o
 .debug_rnglists
                0x00000053       0x13 ./Core/Src/gpio.o
 .debug_rnglists
                0x00000066       0x21 ./Core/Src/i2c.o
 .debug_rnglists
                0x00000087       0x26 ./Core/Src/main.o
 .debug_rnglists
                0x000000ad       0x13 ./Core/Src/stm32l4xx_hal_msp.o
 .debug_rnglists
                0x000000c0       0x20 ./Core/Src/stm32l4xx_hal_timebase_tim.o
 .debug_rnglists
                0x000000e0       0x37 ./Core/Src/stm32l4xx_it.o
 .debug_rnglists
                0x00000117       0x1a ./Core/Src/system_stm32l4xx.o
 .debug_rnglists
                0x00000131       0x20 ./Core/Src/usart.o
 .debug_rnglists
                0x00000151       0x19 ./Core/Startup/startup_stm32l476rgtx.o
 .debug_rnglists
                0x0000016a       0xdf ./Drivers/STM32L4xx_HAL_Driver/Src/stm32l4xx_hal.o
 .debug_rnglists
                0x00000249       0xda ./Drivers/STM32L4xx_HAL_Driver/Src/stm32l4xx_hal_cortex.o
 .debug_rnglists
                0x00000323       0x3f ./Drivers/STM32L4xx_HAL_Driver/Src/stm32l4xx_hal_gpio.o
 .debug_rnglists
                0x00000362      0x228 ./Drivers/STM32L4xx_HAL_Driver/Src/stm32l4xx_hal_i2c.o
 .debug_rnglists
                0x0000058a       0x35 ./Drivers/STM32L4xx_HAL_Driver/Src/stm32l4xx_hal_i2c_ex.o
 .debug_rnglists
                0x000005bf      0x109 ./Drivers/STM32L4xx_HAL_Driver/Src/stm32l4xx_hal_pwr_ex.o
 .debug_rnglists
                0x000006c8       0x6d ./Drivers/STM32L4xx_HAL_Driver/Src/stm32l4xx_hal_rcc.o
 .debug_rnglists
                0x00000735       0x95 ./Drivers/STM32L4xx_HAL_Driver/Src/stm32l4xx_hal_rcc_ex.o
 .debug_rnglists
                0x000007ca      0x32c ./Drivers/STM32L4xx_HAL_Driver/Src/stm32l4xx_hal_tim.o
 .debug_rnglists
                0x00000af6      0x139 ./Drivers/STM32L4xx_HAL_Driver/Src/stm32l4xx_hal_tim_ex.o
 .debug_rnglists
                0x00000c2f      0x1da ./Drivers/STM32L4xx_HAL_Driver/Src/stm32l4xx_hal_uart.o
 .debug_rnglists
                0x00000e09      0x212 ./Middlewares/Third_Party/FreeRTOS/Source/CMSIS_RTOS_V2/cmsis_os2.o
 .debug_rnglists
                0x0000101b       0x2b ./Middlewares/Third_Party/FreeRTOS/Source/list.o
 .debug_rnglists
                0x00001046      0x109 ./Middlewares/Third_Party/FreeRTOS/Source/queue.o
 .debug_rnglists
                0x0000114f      0x1a0 ./Middlewares/Third_Party/FreeRTOS/Source/tasks.o
 .debug_rnglists
                0x000012ef       0xb8 ./Middlewares/Third_Party/FreeRTOS/Source/timers.o
 .debug_rnglists
                0x000013a7       0x5d ./Middlewares/Third_Party/FreeRTOS/Source/portable/GCC/ARM_CM4F/port.o
 .debug_rnglists
                0x00001404       0x42 ./Middlewares/Third_Party/FreeRTOS/Source/portable/MemMang/heap_4.o

.debug_macro    0x00000000    0x2a484
 .debug_macro   0x00000000      0x39b ./Core/Src/BMP.o
 .debug_macro   0x0000039b      0xad8 ./Core/Src/BMP.o
 .debug_macro   0x00000e73      0x1ad ./Core/Src/BMP.o
 .debug_macro   0x00001020       0x2e ./Core/Src/BMP.o
 .debug_macro   0x0000104e       0x28 ./Core/Src/BMP.o
 .debug_macro   0x00001076       0x22 ./Core/Src/BMP.o
 .debug_macro   0x00001098       0x8e ./Core/Src/BMP.o
 .debug_macro   0x00001126       0x51 ./Core/Src/BMP.o
 .debug_macro   0x00001177      0x103 ./Core/Src/BMP.o
 .debug_macro   0x0000127a       0x6a ./Core/Src/BMP.o
 .debug_macro   0x000012e4      0x1df ./Core/Src/BMP.o
 .debug_macro   0x000014c3       0x1c ./Core/Src/BMP.o
 .debug_macro   0x000014df       0x22 ./Core/Src/BMP.o
 .debug_macro   0x00001501       0xfb ./Core/Src/BMP.o
 .debug_macro   0x000015fc     0x1011 ./Core/Src/BMP.o
 .debug_macro   0x0000260d      0x11f ./Core/Src/BMP.o
 .debug_macro   0x0000272c    0x1a192 ./Core/Src/BMP.o
 .debug_macro   0x0001c8be       0x6d ./Core/Src/BMP.o
 .debug_macro   0x0001c92b     0x38fb ./Core/Src/BMP.o
 .debug_macro   0x00020226      0x190 ./Core/Src/BMP.o
 .debug_macro   0x000203b6       0x5c ./Core/Src/BMP.o
 .debug_macro   0x00020412     0x159e ./Core/Src/BMP.o
 .debug_macro   0x000219b0      0x5a5 ./Core/Src/BMP.o
 .debug_macro   0x00021f55      0x1b9 ./Core/Src/BMP.o
 .debug_macro   0x0002210e      0x18b ./Core/Src/BMP.o
 .debug_macro   0x00022299      0x2c4 ./Core/Src/BMP.o
 .debug_macro   0x0002255d      0x27a ./Core/Src/BMP.o
 .debug_macro   0x000227d7      0x23d ./Core/Src/BMP.o
 .debug_macro   0x00022a14      0x241 ./Core/Src/BMP.o
 .debug_macro   0x00022c55      0x37c ./Core/Src/BMP.o
 .debug_macro   0x00022fd1       0xd6 ./Core/Src/BMP.o
 .debug_macro   0x000230a7      0x22c ./Core/Src/BMP.o
 .debug_macro   0x000232d3       0x61 ./Core/Src/BMP.o
 .debug_macro   0x00023334       0xa5 ./Core/Src/BMP.o
 .debug_macro   0x000233d9      0x122 ./Core/Src/BMP.o
 .debug_macro   0x000234fb      0x3ef ./Core/Src/BMP.o
 .debug_macro   0x000238ea      0xa98 ./Core/Src/BMP.o
 .debug_macro   0x00024382      0x1e6 ./Core/Src/BMP.o
 .debug_macro   0x00024568      0x5cf ./Core/Src/BMP.o
 .debug_macro   0x00024b37       0x44 ./Core/Src/BMP.o
 .debug_macro   0x00024b7b      0x330 ./Core/Src/BMP.o
 .debug_macro   0x00024eab       0x28 ./Core/Src/BMP.o
 .debug_macro   0x00024ed3      0x16f ./Core/Src/BMP.o
 .debug_macro   0x00025042      0x15a ./Core/Src/BMP.o
 .debug_macro   0x0002519c       0xc9 ./Core/Src/BMP.o
 .debug_macro   0x00025265       0x1c ./Core/Src/BMP.o
 .debug_macro   0x00025281       0x26 ./Core/Src/BMP.o
 .debug_macro   0x000252a7       0x61 ./Core/Src/BMP.o
 .debug_macro   0x00025308       0x2a ./Core/Src/BMP.o
 .debug_macro   0x00025332       0x43 ./Core/Src/BMP.o
 .debug_macro   0x00025375       0x34 ./Core/Src/BMP.o
 .debug_macro   0x000253a9      0x370 ./Core/Src/BMP.o
 .debug_macro   0x00025719       0x16 ./Core/Src/BMP.o
 .debug_macro   0x0002572f       0x4a ./Core/Src/BMP.o
 .debug_macro   0x00025779       0x34 ./Core/Src/BMP.o
 .debug_macro   0x000257ad       0x10 ./Core/Src/BMP.o
 .debug_macro   0x000257bd       0x58 ./Core/Src/BMP.o
 .debug_macro   0x00025815       0x8e ./Core/Src/BMP.o
 .debug_macro   0x000258a3       0x1c ./Core/Src/BMP.o
 .debug_macro   0x000258bf      0x185 ./Core/Src/BMP.o
 .debug_macro   0x00025a44       0x10 ./Core/Src/BMP.o
 .debug_macro   0x00025a54       0x3c ./Core/Src/BMP.o
 .debug_macro   0x00025a90      0x4bf ./Core/Src/BMP.o
 .debug_macro   0x00025f4f       0xb5 ./Core/Src/BMP.o
 .debug_macro   0x00026004       0xaa ./Core/Src/BMP.o
 .debug_macro   0x000260ae       0x66 ./Core/Src/BMP.o
 .debug_macro   0x00026114       0x74 ./Core/Src/BMP.o
 .debug_macro   0x00026188       0xdd ./Core/Src/BMP.o
 .debug_macro   0x00026265      0x349 ./Core/Src/freertos.o
 .debug_macro   0x000265ae      0x16f ./Core/Src/freertos.o
 .debug_macro   0x0002671d       0x56 ./Core/Src/freertos.o
 .debug_macro   0x00026773       0x6c ./Core/Src/freertos.o
 .debug_macro   0x000267df      0x201 ./Core/Src/gpio.o
 .debug_macro   0x000269e0      0x201 ./Core/Src/i2c.o
 .debug_macro   0x00026be1      0x359 ./Core/Src/main.o
 .debug_macro   0x00026f3a      0x1f7 ./Core/Src/stm32l4xx_hal_msp.o
 .debug_macro   0x00027131      0x1e8 ./Core/Src/stm32l4xx_hal_timebase_tim.o
 .debug_macro   0x00027319      0x201 ./Core/Src/stm32l4xx_it.o
 .debug_macro   0x0002751a      0x1e8 ./Core/Src/system_stm32l4xx.o
 .debug_macro   0x00027702      0x201 ./Core/Src/usart.o
 .debug_macro   0x00027903      0x236 ./Drivers/STM32L4xx_HAL_Driver/Src/stm32l4xx_hal.o
 .debug_macro   0x00027b39      0x1e8 ./Drivers/STM32L4xx_HAL_Driver/Src/stm32l4xx_hal_cortex.o
 .debug_macro   0x00027d21      0x1ef ./Drivers/STM32L4xx_HAL_Driver/Src/stm32l4xx_hal_gpio.o
 .debug_macro   0x00027f10      0x2b4 ./Drivers/STM32L4xx_HAL_Driver/Src/stm32l4xx_hal_i2c.o
 .debug_macro   0x000281c4      0x1e8 ./Drivers/STM32L4xx_HAL_Driver/Src/stm32l4xx_hal_i2c_ex.o
 .debug_macro   0x000283ac      0x20c ./Drivers/STM32L4xx_HAL_Driver/Src/stm32l4xx_hal_pwr_ex.o
 .debug_macro   0x000285b8      0x22a ./Drivers/STM32L4xx_HAL_Driver/Src/stm32l4xx_hal_rcc.o
 .debug_macro   0x000287e2      0x21e ./Drivers/STM32L4xx_HAL_Driver/Src/stm32l4xx_hal_rcc_ex.o
 .debug_macro   0x00028a00      0x1e9 ./Drivers/STM32L4xx_HAL_Driver/Src/stm32l4xx_hal_tim.o
 .debug_macro   0x00028be9      0x1e8 ./Drivers/STM32L4xx_HAL_Driver/Src/stm32l4xx_hal_tim_ex.o
 .debug_macro   0x00028dd1      0x213 ./Drivers/STM32L4xx_HAL_Driver/Src/stm32l4xx_hal_uart.o
 .debug_macro   0x00028fe4      0x3f1 ./Middlewares/Third_Party/FreeRTOS/Source/CMSIS_RTOS_V2/cmsis_os2.o
 .debug_macro   0x000293d5       0x10 ./Middlewares/Third_Party/FreeRTOS/Source/CMSIS_RTOS_V2/cmsis_os2.o
 .debug_macro   0x000293e5       0x20 ./Middlewares/Third_Party/FreeRTOS/Source/CMSIS_RTOS_V2/cmsis_os2.o
 .debug_macro   0x00029405       0x10 ./Middlewares/Third_Party/FreeRTOS/Source/CMSIS_RTOS_V2/cmsis_os2.o
 .debug_macro   0x00029415       0xf5 ./Middlewares/Third_Party/FreeRTOS/Source/CMSIS_RTOS_V2/cmsis_os2.o
 .debug_macro   0x0002950a       0x16 ./Middlewares/Third_Party/FreeRTOS/Source/CMSIS_RTOS_V2/cmsis_os2.o
 .debug_macro   0x00029520       0x91 ./Middlewares/Third_Party/FreeRTOS/Source/CMSIS_RTOS_V2/cmsis_os2.o
 .debug_macro   0x000295b1       0x8d ./Middlewares/Third_Party/FreeRTOS/Source/CMSIS_RTOS_V2/cmsis_os2.o
 .debug_macro   0x0002963e       0x9a ./Middlewares/Third_Party/FreeRTOS/Source/CMSIS_RTOS_V2/cmsis_os2.o
 .debug_macro   0x000296d8       0x22 ./Middlewares/Third_Party/FreeRTOS/Source/CMSIS_RTOS_V2/cmsis_os2.o
 .debug_macro   0x000296fa      0x199 ./Middlewares/Third_Party/FreeRTOS/Source/list.o
 .debug_macro   0x00029893      0x228 ./Middlewares/Third_Party/FreeRTOS/Source/queue.o
 .debug_macro   0x00029abb       0x16 ./Middlewares/Third_Party/FreeRTOS/Source/queue.o
 .debug_macro   0x00029ad1       0x87 ./Middlewares/Third_Party/FreeRTOS/Source/queue.o
 .debug_macro   0x00029b58      0x291 ./Middlewares/Third_Party/FreeRTOS/Source/tasks.o
 .debug_macro   0x00029de9       0x10 ./Middlewares/Third_Party/FreeRTOS/Source/tasks.o
 .debug_macro   0x00029df9      0x1ee ./Middlewares/Third_Party/FreeRTOS/Source/timers.o
 .debug_macro   0x00029fe7       0x97 ./Middlewares/Third_Party/FreeRTOS/Source/timers.o
 .debug_macro   0x0002a07e      0x246 ./Middlewares/Third_Party/FreeRTOS/Source/portable/GCC/ARM_CM4F/port.o
 .debug_macro   0x0002a2c4      0x1c0 ./Middlewares/Third_Party/FreeRTOS/Source/portable/MemMang/heap_4.o

.debug_line     0x00000000    0x1fc58
 .debug_line    0x00000000      0xbd1 ./Core/Src/BMP.o
 .debug_line    0x00000bd1      0xae7 ./Core/Src/freertos.o
 .debug_line    0x000016b8      0x794 ./Core/Src/gpio.o
 .debug_line    0x00001e4c      0x827 ./Core/Src/i2c.o
 .debug_line    0x00002673      0xace ./Core/Src/main.o
 .debug_line    0x00003141      0x787 ./Core/Src/stm32l4xx_hal_msp.o
 .debug_line    0x000038c8      0x801 ./Core/Src/stm32l4xx_hal_timebase_tim.o
 .debug_line    0x000040c9      0x80f ./Core/Src/stm32l4xx_it.o
 .debug_line    0x000048d8      0x824 ./Core/Src/system_stm32l4xx.o
 .debug_line    0x000050fc      0x810 ./Core/Src/usart.o
 .debug_line    0x0000590c       0x7a ./Core/Startup/startup_stm32l476rgtx.o
 .debug_line    0x00005986      0xb8c ./Drivers/STM32L4xx_HAL_Driver/Src/stm32l4xx_hal.o
 .debug_line    0x00006512      0xd27 ./Drivers/STM32L4xx_HAL_Driver/Src/stm32l4xx_hal_cortex.o
 .debug_line    0x00007239      0xbe0 ./Drivers/STM32L4xx_HAL_Driver/Src/stm32l4xx_hal_gpio.o
 .debug_line    0x00007e19     0x3799 ./Drivers/STM32L4xx_HAL_Driver/Src/stm32l4xx_hal_i2c.o
 .debug_line    0x0000b5b2      0x8ec ./Drivers/STM32L4xx_HAL_Driver/Src/stm32l4xx_hal_i2c_ex.o
 .debug_line    0x0000be9e      0xd6e ./Drivers/STM32L4xx_HAL_Driver/Src/stm32l4xx_hal_pwr_ex.o
 .debug_line    0x0000cc0c     0x10e1 ./Drivers/STM32L4xx_HAL_Driver/Src/stm32l4xx_hal_rcc.o
 .debug_line    0x0000dced     0x15af ./Drivers/STM32L4xx_HAL_Driver/Src/stm32l4xx_hal_rcc_ex.o
 .debug_line    0x0000f29c     0x3ef0 ./Drivers/STM32L4xx_HAL_Driver/Src/stm32l4xx_hal_tim.o
 .debug_line    0x0001318c     0x1bc9 ./Drivers/STM32L4xx_HAL_Driver/Src/stm32l4xx_hal_tim_ex.o
 .debug_line    0x00014d55     0x2dbf ./Drivers/STM32L4xx_HAL_Driver/Src/stm32l4xx_hal_uart.o
 .debug_line    0x00017b14     0x2562 ./Middlewares/Third_Party/FreeRTOS/Source/CMSIS_RTOS_V2/cmsis_os2.o
 .debug_line    0x0001a076      0x78d ./Middlewares/Third_Party/FreeRTOS/Source/list.o
 .debug_line    0x0001a803     0x16fe ./Middlewares/Third_Party/FreeRTOS/Source/queue.o
 .debug_line    0x0001bf01     0x1ca5 ./Middlewares/Third_Party/FreeRTOS/Source/tasks.o
 .debug_line    0x0001dba6      0xdcd ./Middlewares/Third_Party/FreeRTOS/Source/timers.o
 .debug_line    0x0001e973      0x941 ./Middlewares/Third_Party/FreeRTOS/Source/portable/GCC/ARM_CM4F/port.o
 .debug_line    0x0001f2b4      0x9a4 ./Middlewares/Third_Party/FreeRTOS/Source/portable/MemMang/heap_4.o

.debug_str      0x00000000   0x101451
 .debug_str     0x00000000   0x101451 ./Core/Src/BMP.o
                              0xf5d03 (size before relaxing)
 .debug_str     0x00101451        0x0 ./Core/Src/freertos.o
                              0xf6208 (size before relaxing)
 .debug_str     0x00101451        0x0 ./Core/Src/gpio.o
                              0xedd07 (size before relaxing)
 .debug_str     0x00101451        0x0 ./Core/Src/i2c.o
                              0xee4a8 (size before relaxing)
 .debug_str     0x00101451        0x0 ./Core/Src/main.o
                              0xf5dd3 (size before relaxing)
 .debug_str     0x00101451        0x0 ./Core/Src/stm32l4xx_hal_msp.o
                              0xee137 (size before relaxing)
 .debug_str     0x00101451        0x0 ./Core/Src/stm32l4xx_hal_timebase_tim.o
                              0xee729 (size before relaxing)
 .debug_str     0x00101451        0x0 ./Core/Src/stm32l4xx_it.o
                              0xee078 (size before relaxing)
 .debug_str     0x00101451        0x0 ./Core/Src/system_stm32l4xx.o
                              0xedc67 (size before relaxing)
 .debug_str     0x00101451        0x0 ./Core/Src/usart.o
                              0xee41f (size before relaxing)
 .debug_str     0x00101451        0x0 ./Core/Startup/startup_stm32l476rgtx.o
                                 0x6b (size before relaxing)
 .debug_str     0x00101451        0x0 ./Drivers/STM32L4xx_HAL_Driver/Src/stm32l4xx_hal.o
                              0xee80f (size before relaxing)
 .debug_str     0x00101451        0x0 ./Drivers/STM32L4xx_HAL_Driver/Src/stm32l4xx_hal_cortex.o
                              0xee4e0 (size before relaxing)
 .debug_str     0x00101451        0x0 ./Drivers/STM32L4xx_HAL_Driver/Src/stm32l4xx_hal_gpio.o
                              0xeddf2 (size before relaxing)
 .debug_str     0x00101451        0x0 ./Drivers/STM32L4xx_HAL_Driver/Src/stm32l4xx_hal_i2c.o
                              0xeee68 (size before relaxing)
 .debug_str     0x00101451        0x0 ./Drivers/STM32L4xx_HAL_Driver/Src/stm32l4xx_hal_i2c_ex.o
                              0xee174 (size before relaxing)
 .debug_str     0x00101451        0x0 ./Drivers/STM32L4xx_HAL_Driver/Src/stm32l4xx_hal_pwr_ex.o
                              0xee1c2 (size before relaxing)
 .debug_str     0x00101451        0x0 ./Drivers/STM32L4xx_HAL_Driver/Src/stm32l4xx_hal_rcc.o
                              0xee2ad (size before relaxing)
 .debug_str     0x00101451        0x0 ./Drivers/STM32L4xx_HAL_Driver/Src/stm32l4xx_hal_rcc_ex.o
                              0xee438 (size before relaxing)
 .debug_str     0x00101451        0x0 ./Drivers/STM32L4xx_HAL_Driver/Src/stm32l4xx_hal_tim.o
                              0xeefb9 (size before relaxing)
 .debug_str     0x00101451        0x0 ./Drivers/STM32L4xx_HAL_Driver/Src/stm32l4xx_hal_tim_ex.o
                              0xee8cd (size before relaxing)